../Drivers/CMSIS/Include/core_cm4.h:2064:26:ITM_SendChar	16	static,ignoring_inline_asm
../Core/Src/main.c:99:6:setPulse	16	static
../Core/Src/main.c:107:6:HAL_GPIO_EXTI_Callback	16	static
../Core/Src/main.c:148:5:main	72	static
../Core/Src/main.c:242:6:SystemClock_Config	96	static
../Core/Src/main.c:287:13:MX_NVIC_Init	8	static
../Core/Src/main.c:305:13:MX_TIM1_Init	112	static
../Core/Src/main.c:385:13:MX_TIM2_Init	64	static
../Core/Src/main.c:444:13:MX_TIM3_Init	88	static
../Core/Src/main.c:514:13:MX_USART2_UART_Init	8	static
../Core/Src/main.c:549:13:MX_GPIO_Init	40	static
../Core/Src/main.c:600:5:_read	32	static
../Core/Src/main.c:623:6:StartDefaultTask	16	static
../Core/Src/main.c:641:6:StartTask02	16	static
../Core/Src/main.c:706:6:HAL_TIM_PeriodElapsedCallback	16	static
../Core/Src/main.c:723:6:Error_Handler	4	static,ignoring_inline_asm
