22:48:14 **** Incremental Build of configuration Debug for project mainboardV1.2 ****
make -j12 all 
arm-none-eabi-size  mainboardV1.2.elf 
   text	   data	    bss	    dec	    hex	filename
  12336	     12	   1796	  14144	   3740	mainboardV1.2.elf
Finished building: default.size.stdout
 
22:48:17 **** Incremental Build of configuration Debug for project 02-MSC ****
make -j12 all 
arm-none-eabi-gcc "../USB_DEVICE/Target/usbd_conf.c" -mcpu=cortex-m4 -std=gnu11 -g3 -DDEBUG -DUSE_HAL_DRIVER -DSTM32F405xx -c -I../../Core/Inc -I../../USB_DEVICE/App -I../../USB_DEVICE/Target -I../../Drivers/STM32F4xx_HAL_Driver/Inc -I../../Drivers/STM32F4xx_HAL_Driver/Inc/Legacy -I../../Middlewares/ST/STM32_USB_Device_Library/Core/Inc -I../../Middlewares/ST/STM32_USB_Device_Library/Class/MSC/Inc -I../../Drivers/CMSIS/Device/ST/STM32F4xx/Include -I../../Drivers/CMSIS/Include -O0 -ffunction-sections -fdata-sections -Wall -fstack-usage -fcyclomatic-complexity -MMD -MP -MF"USB_DEVICE/Target/usbd_conf.d" -MT"USB_DEVICE/Target/usbd_conf.o" --specs=nano.specs -mfpu=fpv4-sp-d16 -mfloat-abi=hard -mthumb -o "USB_DEVICE/Target/usbd_conf.o"
arm-none-eabi-gcc "../USB_DEVICE/App/usb_device.c" -mcpu=cortex-m4 -std=gnu11 -g3 -DDEBUG -DUSE_HAL_DRIVER -DSTM32F405xx -c -I../../Core/Inc -I../../USB_DEVICE/App -I../../USB_DEVICE/Target -I../../Drivers/STM32F4xx_HAL_Driver/Inc -I../../Drivers/STM32F4xx_HAL_Driver/Inc/Legacy -I../../Middlewares/ST/STM32_USB_Device_Library/Core/Inc -I../../Middlewares/ST/STM32_USB_Device_Library/Class/MSC/Inc -I../../Drivers/CMSIS/Device/ST/STM32F4xx/Include -I../../Drivers/CMSIS/Include -O0 -ffunction-sections -fdata-sections -Wall -fstack-usage -fcyclomatic-complexity -MMD -MP -MF"USB_DEVICE/App/usb_device.d" -MT"USB_DEVICE/App/usb_device.o" --specs=nano.specs -mfpu=fpv4-sp-d16 -mfloat-abi=hard -mthumb -o "USB_DEVICE/App/usb_device.o"
arm-none-eabi-gcc "../USB_DEVICE/App/usbd_desc.c" -mcpu=cortex-m4 -std=gnu11 -g3 -DDEBUG -DUSE_HAL_DRIVER -DSTM32F405xx -c -I../../Core/Inc -I../../USB_DEVICE/App -I../../USB_DEVICE/Target -I../../Drivers/STM32F4xx_HAL_Driver/Inc -I../../Drivers/STM32F4xx_HAL_Driver/Inc/Legacy -I../../Middlewares/ST/STM32_USB_Device_Library/Core/Inc -I../../Middlewares/ST/STM32_USB_Device_Library/Class/MSC/Inc -I../../Drivers/CMSIS/Device/ST/STM32F4xx/Include -I../../Drivers/CMSIS/Include -O0 -ffunction-sections -fdata-sections -Wall -fstack-usage -fcyclomatic-complexity -MMD -MP -MF"USB_DEVICE/App/usbd_desc.d" -MT"USB_DEVICE/App/usbd_desc.o" --specs=nano.specs -mfpu=fpv4-sp-d16 -mfloat-abi=hard -mthumb -o "USB_DEVICE/App/usbd_desc.o"
arm-none-eabi-gcc "../USB_DEVICE/App/usbd_storage_if.c" -mcpu=cortex-m4 -std=gnu11 -g3 -DDEBUG -DUSE_HAL_DRIVER -DSTM32F405xx -c -I../../Core/Inc -I../../USB_DEVICE/App -I../../USB_DEVICE/Target -I../../Drivers/STM32F4xx_HAL_Driver/Inc -I../../Drivers/STM32F4xx_HAL_Driver/Inc/Legacy -I../../Middlewares/ST/STM32_USB_Device_Library/Core/Inc -I../../Middlewares/ST/STM32_USB_Device_Library/Class/MSC/Inc -I../../Drivers/CMSIS/Device/ST/STM32F4xx/Include -I../../Drivers/CMSIS/Include -O0 -ffunction-sections -fdata-sections -Wall -fstack-usage -fcyclomatic-complexity -MMD -MP -MF"USB_DEVICE/App/usbd_storage_if.d" -MT"USB_DEVICE/App/usbd_storage_if.o" --specs=nano.specs -mfpu=fpv4-sp-d16 -mfloat-abi=hard -mthumb -o "USB_DEVICE/App/usbd_storage_if.o"
arm-none-eabi-gcc "C:/Users/yasin/OneDrive - Groupe ESIEA/Projet perso/WeAct/WeActStudio.STM32F4_64Pin_CoreBoard/Examples/STM32F405/HAL/02-MSC/Middlewares/ST/STM32_USB_Device_Library/Core/Src/usbd_core.c" -mcpu=cortex-m4 -std=gnu11 -g3 -DDEBUG -DUSE_HAL_DRIVER -DSTM32F405xx -c -I../../Core/Inc -I../../USB_DEVICE/App -I../../USB_DEVICE/Target -I../../Drivers/STM32F4xx_HAL_Driver/Inc -I../../Drivers/STM32F4xx_HAL_Driver/Inc/Legacy -I../../Middlewares/ST/STM32_USB_Device_Library/Core/Inc -I../../Middlewares/ST/STM32_USB_Device_Library/Class/MSC/Inc -I../../Drivers/CMSIS/Device/ST/STM32F4xx/Include -I../../Drivers/CMSIS/Include -O0 -ffunction-sections -fdata-sections -Wall -fstack-usage -fcyclomatic-complexity -MMD -MP -MF"Middlewares/USB_Device_Library/usbd_core.d" -MT"Middlewares/USB_Device_Library/usbd_core.o" --specs=nano.specs -mfpu=fpv4-sp-d16 -mfloat-abi=hard -mthumb -o "Middlewares/USB_Device_Library/usbd_core.o"
arm-none-eabi-gcc "C:/Users/yasin/OneDrive - Groupe ESIEA/Projet perso/WeAct/WeActStudio.STM32F4_64Pin_CoreBoard/Examples/STM32F405/HAL/02-MSC/Middlewares/ST/STM32_USB_Device_Library/Core/Src/usbd_ctlreq.c" -mcpu=cortex-m4 -std=gnu11 -g3 -DDEBUG -DUSE_HAL_DRIVER -DSTM32F405xx -c -I../../Core/Inc -I../../USB_DEVICE/App -I../../USB_DEVICE/Target -I../../Drivers/STM32F4xx_HAL_Driver/Inc -I../../Drivers/STM32F4xx_HAL_Driver/Inc/Legacy -I../../Middlewares/ST/STM32_USB_Device_Library/Core/Inc -I../../Middlewares/ST/STM32_USB_Device_Library/Class/MSC/Inc -I../../Drivers/CMSIS/Device/ST/STM32F4xx/Include -I../../Drivers/CMSIS/Include -O0 -ffunction-sections -fdata-sections -Wall -fstack-usage -fcyclomatic-complexity -MMD -MP -MF"Middlewares/USB_Device_Library/usbd_ctlreq.d" -MT"Middlewares/USB_Device_Library/usbd_ctlreq.o" --specs=nano.specs -mfpu=fpv4-sp-d16 -mfloat-abi=hard -mthumb -o "Middlewares/USB_Device_Library/usbd_ctlreq.o"
arm-none-eabi-gcc "C:/Users/yasin/OneDrive - Groupe ESIEA/Projet perso/WeAct/WeActStudio.STM32F4_64Pin_CoreBoard/Examples/STM32F405/HAL/02-MSC/Middlewares/ST/STM32_USB_Device_Library/Core/Src/usbd_ioreq.c" -mcpu=cortex-m4 -std=gnu11 -g3 -DDEBUG -DUSE_HAL_DRIVER -DSTM32F405xx -c -I../../Core/Inc -I../../USB_DEVICE/App -I../../USB_DEVICE/Target -I../../Drivers/STM32F4xx_HAL_Driver/Inc -I../../Drivers/STM32F4xx_HAL_Driver/Inc/Legacy -I../../Middlewares/ST/STM32_USB_Device_Library/Core/Inc -I../../Middlewares/ST/STM32_USB_Device_Library/Class/MSC/Inc -I../../Drivers/CMSIS/Device/ST/STM32F4xx/Include -I../../Drivers/CMSIS/Include -O0 -ffunction-sections -fdata-sections -Wall -fstack-usage -fcyclomatic-complexity -MMD -MP -MF"Middlewares/USB_Device_Library/usbd_ioreq.d" -MT"Middlewares/USB_Device_Library/usbd_ioreq.o" --specs=nano.specs -mfpu=fpv4-sp-d16 -mfloat-abi=hard -mthumb -o "Middlewares/USB_Device_Library/usbd_ioreq.o"
arm-none-eabi-gcc "C:/Users/yasin/OneDrive - Groupe ESIEA/Projet perso/WeAct/WeActStudio.STM32F4_64Pin_CoreBoard/Examples/STM32F405/HAL/02-MSC/Middlewares/ST/STM32_USB_Device_Library/Class/MSC/Src/usbd_msc.c" -mcpu=cortex-m4 -std=gnu11 -g3 -DDEBUG -DUSE_HAL_DRIVER -DSTM32F405xx -c -I../../Core/Inc -I../../USB_DEVICE/App -I../../USB_DEVICE/Target -I../../Drivers/STM32F4xx_HAL_Driver/Inc -I../../Drivers/STM32F4xx_HAL_Driver/Inc/Legacy -I../../Middlewares/ST/STM32_USB_Device_Library/Core/Inc -I../../Middlewares/ST/STM32_USB_Device_Library/Class/MSC/Inc -I../../Drivers/CMSIS/Device/ST/STM32F4xx/Include -I../../Drivers/CMSIS/Include -O0 -ffunction-sections -fdata-sections -Wall -fstack-usage -fcyclomatic-complexity -MMD -MP -MF"Middlewares/USB_Device_Library/usbd_msc.d" -MT"Middlewares/USB_Device_Library/usbd_msc.o" --specs=nano.specs -mfpu=fpv4-sp-d16 -mfloat-abi=hard -mthumb -o "Middlewares/USB_Device_Library/usbd_msc.o"
arm-none-eabi-gcc "C:/Users/yasin/OneDrive - Groupe ESIEA/Projet perso/WeAct/WeActStudio.STM32F4_64Pin_CoreBoard/Examples/STM32F405/HAL/02-MSC/Middlewares/ST/STM32_USB_Device_Library/Class/MSC/Src/usbd_msc_bot.c" -mcpu=cortex-m4 -std=gnu11 -g3 -DDEBUG -DUSE_HAL_DRIVER -DSTM32F405xx -c -I../../Core/Inc -I../../USB_DEVICE/App -I../../USB_DEVICE/Target -I../../Drivers/STM32F4xx_HAL_Driver/Inc -I../../Drivers/STM32F4xx_HAL_Driver/Inc/Legacy -I../../Middlewares/ST/STM32_USB_Device_Library/Core/Inc -I../../Middlewares/ST/STM32_USB_Device_Library/Class/MSC/Inc -I../../Drivers/CMSIS/Device/ST/STM32F4xx/Include -I../../Drivers/CMSIS/Include -O0 -ffunction-sections -fdata-sections -Wall -fstack-usage -fcyclomatic-complexity -MMD -MP -MF"Middlewares/USB_Device_Library/usbd_msc_bot.d" -MT"Middlewares/USB_Device_Library/usbd_msc_bot.o" --specs=nano.specs -mfpu=fpv4-sp-d16 -mfloat-abi=hard -mthumb -o "Middlewares/USB_Device_Library/usbd_msc_bot.o"
arm-none-eabi-gcc "C:/Users/yasin/OneDrive - Groupe ESIEA/Projet perso/WeAct/WeActStudio.STM32F4_64Pin_CoreBoard/Examples/STM32F405/HAL/02-MSC/Middlewares/ST/STM32_USB_Device_Library/Class/MSC/Src/usbd_msc_data.c" -mcpu=cortex-m4 -std=gnu11 -g3 -DDEBUG -DUSE_HAL_DRIVER -DSTM32F405xx -c -I../../Core/Inc -I../../USB_DEVICE/App -I../../USB_DEVICE/Target -I../../Drivers/STM32F4xx_HAL_Driver/Inc -I../../Drivers/STM32F4xx_HAL_Driver/Inc/Legacy -I../../Middlewares/ST/STM32_USB_Device_Library/Core/Inc -I../../Middlewares/ST/STM32_USB_Device_Library/Class/MSC/Inc -I../../Drivers/CMSIS/Device/ST/STM32F4xx/Include -I../../Drivers/CMSIS/Include -O0 -ffunction-sections -fdata-sections -Wall -fstack-usage -fcyclomatic-complexity -MMD -MP -MF"Middlewares/USB_Device_Library/usbd_msc_data.d" -MT"Middlewares/USB_Device_Library/usbd_msc_data.o" --specs=nano.specs -mfpu=fpv4-sp-d16 -mfloat-abi=hard -mthumb -o "Middlewares/USB_Device_Library/usbd_msc_data.o"
arm-none-eabi-gcc "C:/Users/yasin/OneDrive - Groupe ESIEA/Projet perso/WeAct/WeActStudio.STM32F4_64Pin_CoreBoard/Examples/STM32F405/HAL/02-MSC/Middlewares/ST/STM32_USB_Device_Library/Class/MSC/Src/usbd_msc_scsi.c" -mcpu=cortex-m4 -std=gnu11 -g3 -DDEBUG -DUSE_HAL_DRIVER -DSTM32F405xx -c -I../../Core/Inc -I../../USB_DEVICE/App -I../../USB_DEVICE/Target -I../../Drivers/STM32F4xx_HAL_Driver/Inc -I../../Drivers/STM32F4xx_HAL_Driver/Inc/Legacy -I../../Middlewares/ST/STM32_USB_Device_Library/Core/Inc -I../../Middlewares/ST/STM32_USB_Device_Library/Class/MSC/Inc -I../../Drivers/CMSIS/Device/ST/STM32F4xx/Include -I../../Drivers/CMSIS/Include -O0 -ffunction-sections -fdata-sections -Wall -fstack-usage -fcyclomatic-complexity -MMD -MP -MF"Middlewares/USB_Device_Library/usbd_msc_scsi.d" -MT"Middlewares/USB_Device_Library/usbd_msc_scsi.o" --specs=nano.specs -mfpu=fpv4-sp-d16 -mfloat-abi=hard -mthumb -o "Middlewares/USB_Device_Library/usbd_msc_scsi.o"
arm-none-eabi-gcc "../Middlewares/ST/STM32_USB_Device_Library/Core/Src/usbd_core.c" -mcpu=cortex-m4 -std=gnu11 -g3 -DDEBUG -DUSE_HAL_DRIVER -DSTM32F405xx -c -I../../Core/Inc -I../../USB_DEVICE/App -I../../USB_DEVICE/Target -I../../Drivers/STM32F4xx_HAL_Driver/Inc -I../../Drivers/STM32F4xx_HAL_Driver/Inc/Legacy -I../../Middlewares/ST/STM32_USB_Device_Library/Core/Inc -I../../Middlewares/ST/STM32_USB_Device_Library/Class/MSC/Inc -I../../Drivers/CMSIS/Device/ST/STM32F4xx/Include -I../../Drivers/CMSIS/Include -O0 -ffunction-sections -fdata-sections -Wall -fstack-usage -fcyclomatic-complexity -MMD -MP -MF"Middlewares/ST/STM32_USB_Device_Library/Core/Src/usbd_core.d" -MT"Middlewares/ST/STM32_USB_Device_Library/Core/Src/usbd_core.o" --specs=nano.specs -mfpu=fpv4-sp-d16 -mfloat-abi=hard -mthumb -o "Middlewares/ST/STM32_USB_Device_Library/Core/Src/usbd_core.o"
../USB_DEVICE/Target/usbd_conf.c:22:10: fatal error: stm32f4xx.h: No such file or directory
   22 | #include "stm32f4xx.h"
      |          ^~~~~~~~~~~~~
compilation terminated.
C:/Users/yasin/OneDrive - Groupe ESIEA/Projet perso/WeAct/WeActStudio.STM32F4_64Pin_CoreBoard/Examples/STM32F405/HAL/02-MSC/Middlewares/ST/STM32_USB_Device_Library/Core/Src/usbd_ioreq.c:20:10: fatal error: usbd_ioreq.h: No such file or directory
   20 | #include "usbd_ioreq.h"
      |          ^~~~~~~~~~~~~~
compilation terminated.
C:/Users/yasin/OneDrive - Groupe ESIEA/Projet perso/WeAct/WeActStudio.STM32F4_64Pin_CoreBoard/Examples/STM32F405/HAL/02-MSC/Middlewares/ST/STM32_USB_Device_Library/Class/MSC/Src/usbd_msc_bot.c:26:10: fatal error: usbd_msc_bot.h: No such file or directory
   26 | #include "usbd_msc_bot.h"
      |          ^~~~~~~~~~~~~~~~
compilation terminated.
make: *** [USB_DEVICE/Target/subdir.mk:16: USB_DEVICE/Target/usbd_conf.o] Error 1
make: *** Waiting for unfinished jobs....
make: *** [Middlewares/USB_Device_Library/subdir.mk:32: Middlewares/USB_Device_Library/usbd_ioreq.o] Error 1
make: *** [Middlewares/USB_Device_Library/subdir.mk:36: Middlewares/USB_Device_Library/usbd_msc_bot.o] Error 1
In file included from ../USB_DEVICE/App/usbd_storage_if.c:22:
../USB_DEVICE/App/usbd_storage_if.h:30:10: fatal error: usbd_msc.h: No such file or directory
   30 | #include "usbd_msc.h"
      |          ^~~~~~~~~~~~
In file included from ../USB_DEVICE/App/usb_device.c:23:
../USB_DEVICE/App/usb_device.h:30:10: fatal error: stm32f4xx.h: No such file or directory
   30 | #include "stm32f4xx.h"
      |          ^~~~~~~~~~~~~
compilation terminated.
compilation terminated.
../USB_DEVICE/App/usbd_desc.c:22:10: fatal error: usbd_core.h: No such file or directory
   22 | #include "usbd_core.h"
      |          ^~~~~~~~~~~~~
compilation terminated.
make: *** [USB_DEVICE/App/subdir.mk:20: USB_DEVICE/App/usb_device.o] Error 1
make: *** [USB_DEVICE/App/subdir.mk:20: USB_DEVICE/App/usbd_storage_if.o] Error 1
make: *** [USB_DEVICE/App/subdir.mk:20: USB_DEVICE/App/usbd_desc.o] Error 1
C:/Users/yasin/OneDrive - Groupe ESIEA/Projet perso/WeAct/WeActStudio.STM32F4_64Pin_CoreBoard/Examples/STM32F405/HAL/02-MSC/Middlewares/ST/STM32_USB_Device_Library/Core/Src/usbd_ctlreq.c:20:10: fatal error: usbd_ctlreq.h: No such file or directory
   20 | #include "usbd_ctlreq.h"
      |          ^~~~~~~~~~~~~~~
compilation terminated.
C:/Users/yasin/OneDrive - Groupe ESIEA/Projet perso/WeAct/WeActStudio.STM32F4_64Pin_CoreBoard/Examples/STM32F405/HAL/02-MSC/Middlewares/ST/STM32_USB_Device_Library/Class/MSC/Src/usbd_msc.c:42:10: fatal error: usbd_msc.h: No such file or directory
   42 | #include "usbd_msc.h"
      |          ^~~~~~~~~~~~
compilation terminated.
make: *** [Middlewares/USB_Device_Library/subdir.mk:30: Middlewares/USB_Device_Library/usbd_ctlreq.o] Error 1
make: *** [Middlewares/USB_Device_Library/subdir.mk:34: Middlewares/USB_Device_Library/usbd_msc.o] Error 1
C:/Users/yasin/OneDrive - Groupe ESIEA/Projet perso/WeAct/WeActStudio.STM32F4_64Pin_CoreBoard/Examples/STM32F405/HAL/02-MSC/Middlewares/ST/STM32_USB_Device_Library/Class/MSC/Src/usbd_msc_scsi.c:26:10: fatal error: usbd_msc_bot.h: No such file or directory
   26 | #include "usbd_msc_bot.h"
      |          ^~~~~~~~~~~~~~~~
compilation terminated.
C:/Users/yasin/OneDrive - Groupe ESIEA/Projet perso/WeAct/WeActStudio.STM32F4_64Pin_CoreBoard/Examples/STM32F405/HAL/02-MSC/Middlewares/ST/STM32_USB_Device_Library/Core/Src/usbd_core.c:20:10: fatal error: usbd_core.h: No such file or directory
   20 | #include "usbd_core.h"
      |          ^~~~~~~~~~~~~
compilation terminated.
../Middlewares/ST/STM32_USB_Device_Library/Core/Src/usbd_core.c:20:10: fatal error: usbd_core.h: No such file or directory
   20 | #include "usbd_core.h"
      |          ^~~~~~~~~~~~~
make: *** [Middlewares/USB_Device_Library/subdir.mk:28: Middlewares/USB_Device_Library/usbd_core.o] Error 1
compilation terminated.
C:/Users/yasin/OneDrive - Groupe ESIEA/Projet perso/WeAct/WeActStudio.STM32F4_64Pin_CoreBoard/Examples/STM32F405/HAL/02-MSC/Middlewares/ST/STM32_USB_Device_Library/Class/MSC/Src/usbd_msc_data.c:26:10: fatal error: usbd_msc_data.h: No such file or directory
   26 | #include "usbd_msc_data.h"
      |          ^~~~~~~~~~~~~~~~~
compilation terminated.
make: *** [Middlewares/ST/STM32_USB_Device_Library/Core/Src/subdir.mk:25: Middlewares/ST/STM32_USB_Device_Library/Core/Src/usbd_core.o] Error 1
make: *** [Middlewares/USB_Device_Library/subdir.mk:40: Middlewares/USB_Device_Library/usbd_msc_scsi.o] Error 1
make: *** [Middlewares/USB_Device_Library/subdir.mk:38: Middlewares/USB_Device_Library/usbd_msc_data.o] Error 1
"make -j12 all" terminated with exit code 2. Build might be incomplete.
22:48:18 **** Incremental Build of configuration Debug for project mainboard ****
make -j12 all 
arm-none-eabi-size  mainboard.elf 
   text	   data	    bss	    dec	    hex	filename
   5828	     12	   1572	   7412	   1cf4	mainboard.elf
Finished building: default.size.stdout
 
22:48:19 **** Incremental Build of configuration Debug for project mainboard v1 ****
make -j12 all 
arm-none-eabi-size  mainboard\ v1.elf 
   text	   data	    bss	    dec	    hex	filename
  22852	     20	   5940	  28812	   708c	mainboard v1.elf
Finished building: default.size.stdout
 
22:48:20 **** Incremental Build of configuration Debug for project mainboardV1.2 ****
make -j12 all 
arm-none-eabi-size  mainboardV1.2.elf 
   text	   data	    bss	    dec	    hex	filename
  12336	     12	   1796	  14144	   3740	mainboardV1.2.elf
Finished building: default.size.stdout
 
22:48:53 **** Incremental Build of configuration Debug for project mainboardV1.2 ****
make -j12 all 
arm-none-eabi-size  mainboardV1.2.elf 
   text	   data	    bss	    dec	    hex	filename
  12336	     12	   1796	  14144	   3740	mainboardV1.2.elf
Finished building: default.size.stdout
 
22:50:15 **** Incremental Build of configuration Debug for project mainboardV1.2 ****
make -j12 all 
arm-none-eabi-gcc "../Core/Src/main.c" -mcpu=cortex-m4 -std=gnu11 -g3 -DDEBUG -DUSE_HAL_DRIVER -DSTM32F303x8 -c -I../Core/Inc -I../Drivers/STM32F3xx_HAL_Driver/Inc -I../Drivers/STM32F3xx_HAL_Driver/Inc/Legacy -I../Drivers/CMSIS/Device/ST/STM32F3xx/Include -I../Drivers/CMSIS/Include -O0 -ffunction-sections -fdata-sections -Wall -fstack-usage -fcyclomatic-complexity -MMD -MP -MF"Core/Src/main.d" -MT"Core/Src/main.o" --specs=nano.specs -mfpu=fpv4-sp-d16 -mfloat-abi=hard -mthumb -o "Core/Src/main.o"
../Core/Src/main.c:326:13: warning: 'MX_USART2_UART_Init' defined but not used [-Wunused-function]
  326 | static void MX_USART2_UART_Init(void)
      |             ^~~~~~~~~~~~~~~~~~~
arm-none-eabi-gcc -o "mainboardV1.2.elf" @"objects.list"   -mcpu=cortex-m4 -T"C:\Users\yasin\OneDrive - Groupe ESIEA\Projet perso\MRM\mainboardV1.2\STM32F303K8TX_FLASH.ld" --specs=nosys.specs -Wl,-Map="mainboardV1.2.map" -Wl,--gc-sections -static --specs=nano.specs -mfpu=fpv4-sp-d16 -mfloat-abi=hard -mthumb -Wl,--start-group -lc -lm -Wl,--end-group
Finished building target: mainboardV1.2.elf
 
arm-none-eabi-size  mainboardV1.2.elf 
arm-none-eabi-objdump -h -S mainboardV1.2.elf  > "mainboardV1.2.list"
   text	   data	    bss	    dec	    hex	filename
  12340	     12	   1804	  14156	   374c	mainboardV1.2.elf
Finished building: default.size.stdout
 
Finished building: mainboardV1.2.list
 
22:51:24 **** Incremental Build of configuration Debug for project mainboardV1.2 ****
make -j12 all 
arm-none-eabi-size  mainboardV1.2.elf 
   text	   data	    bss	    dec	    hex	filename
  12340	     12	   1804	  14156	   374c	mainboardV1.2.elf
Finished building: default.size.stdout
 
22:54:49 **** Incremental Build of configuration Debug for project mainboardV1.2 ****
make -j12 all 
arm-none-eabi-gcc "../Core/Src/main.c" -mcpu=cortex-m4 -std=gnu11 -g3 -DDEBUG -DUSE_HAL_DRIVER -DSTM32F303x8 -c -I../Core/Inc -I../Drivers/STM32F3xx_HAL_Driver/Inc -I../Drivers/STM32F3xx_HAL_Driver/Inc/Legacy -I../Drivers/CMSIS/Device/ST/STM32F3xx/Include -I../Drivers/CMSIS/Include -O0 -ffunction-sections -fdata-sections -Wall -fstack-usage -fcyclomatic-complexity -MMD -MP -MF"Core/Src/main.d" -MT"Core/Src/main.o" --specs=nano.specs -mfpu=fpv4-sp-d16 -mfloat-abi=hard -mthumb -o "Core/Src/main.o"
../Core/Src/main.c:326:13: warning: 'MX_USART2_UART_Init' defined but not used [-Wunused-function]
  326 | static void MX_USART2_UART_Init(void)
      |             ^~~~~~~~~~~~~~~~~~~
arm-none-eabi-gcc -o "mainboardV1.2.elf" @"objects.list"   -mcpu=cortex-m4 -T"C:\Users\yasin\OneDrive - Groupe ESIEA\Projet perso\MRM\mainboardV1.2\STM32F303K8TX_FLASH.ld" --specs=nosys.specs -Wl,-Map="mainboardV1.2.map" -Wl,--gc-sections -static --specs=nano.specs -mfpu=fpv4-sp-d16 -mfloat-abi=hard -mthumb -Wl,--start-group -lc -lm -Wl,--end-group
Finished building target: mainboardV1.2.elf
 
arm-none-eabi-size  mainboardV1.2.elf 
arm-none-eabi-objdump -h -S mainboardV1.2.elf  > "mainboardV1.2.list"
   text	   data	    bss	    dec	    hex	filename
  12340	     12	   1804	  14156	   374c	mainboardV1.2.elf
Finished building: default.size.stdout
 
Finished building: mainboardV1.2.list
 
22:56:00 **** Incremental Build of configuration Debug for project mainboardV1.2 ****
make -j12 all 
arm-none-eabi-gcc "../Core/Src/main.c" -mcpu=cortex-m4 -std=gnu11 -g3 -DDEBUG -DUSE_HAL_DRIVER -DSTM32F303x8 -c -I../Core/Inc -I../Drivers/STM32F3xx_HAL_Driver/Inc -I../Drivers/STM32F3xx_HAL_Driver/Inc/Legacy -I../Drivers/CMSIS/Device/ST/STM32F3xx/Include -I../Drivers/CMSIS/Include -O0 -ffunction-sections -fdata-sections -Wall -fstack-usage -fcyclomatic-complexity -MMD -MP -MF"Core/Src/main.d" -MT"Core/Src/main.o" --specs=nano.specs -mfpu=fpv4-sp-d16 -mfloat-abi=hard -mthumb -o "Core/Src/main.o"
../Core/Src/main.c: In function 'main':
../Core/Src/main.c:109:11: warning: implicit declaration of function 'printf' [-Wimplicit-function-declaration]
  109 |           printf("Hello world");
      |           ^~~~~~
../Core/Src/main.c:21:1: note: include '<stdio.h>' or provide a declaration of 'printf'
   20 | #include "main.h"
  +++ |+#include <stdio.h>
   21 | 
../Core/Src/main.c:109:11: warning: incompatible implicit declaration of built-in function 'printf' [-Wbuiltin-declaration-mismatch]
  109 |           printf("Hello world");
      |           ^~~~~~
../Core/Src/main.c:109:11: note: include '<stdio.h>' or provide a declaration of 'printf'
../Core/Src/main.c: At top level:
../Core/Src/main.c:327:13: warning: 'MX_USART2_UART_Init' defined but not used [-Wunused-function]
  327 | static void MX_USART2_UART_Init(void)
      |             ^~~~~~~~~~~~~~~~~~~
arm-none-eabi-gcc -o "mainboardV1.2.elf" @"objects.list"   -mcpu=cortex-m4 -T"C:\Users\yasin\OneDrive - Groupe ESIEA\Projet perso\MRM\mainboardV1.2\STM32F303K8TX_FLASH.ld" --specs=nosys.specs -Wl,-Map="mainboardV1.2.map" -Wl,--gc-sections -static --specs=nano.specs -mfpu=fpv4-sp-d16 -mfloat-abi=hard -mthumb -Wl,--start-group -lc -lm -Wl,--end-group
Finished building target: mainboardV1.2.elf
 
arm-none-eabi-size  mainboardV1.2.elf 
arm-none-eabi-objdump -h -S mainboardV1.2.elf  > "mainboardV1.2.list"
   text	   data	    bss	    dec	    hex	filename
  16576	    104	   2136	  18816	   4980	mainboardV1.2.elf
Finished building: default.size.stdout
 
Finished building: mainboardV1.2.list
 
22:56:51 **** Incremental Build of configuration Debug for project mainboardV1.2 ****
make -j12 all 
arm-none-eabi-gcc "../Core/Src/main.c" -mcpu=cortex-m4 -std=gnu11 -g3 -DDEBUG -DUSE_HAL_DRIVER -DSTM32F303x8 -c -I../Core/Inc -I../Drivers/STM32F3xx_HAL_Driver/Inc -I../Drivers/STM32F3xx_HAL_Driver/Inc/Legacy -I../Drivers/CMSIS/Device/ST/STM32F3xx/Include -I../Drivers/CMSIS/Include -O0 -ffunction-sections -fdata-sections -Wall -fstack-usage -fcyclomatic-complexity -MMD -MP -MF"Core/Src/main.d" -MT"Core/Src/main.o" --specs=nano.specs -mfpu=fpv4-sp-d16 -mfloat-abi=hard -mthumb -o "Core/Src/main.o"
../Core/Src/main.c:327:13: warning: 'MX_USART2_UART_Init' defined but not used [-Wunused-function]
  327 | static void MX_USART2_UART_Init(void)
      |             ^~~~~~~~~~~~~~~~~~~
arm-none-eabi-gcc -o "mainboardV1.2.elf" @"objects.list"   -mcpu=cortex-m4 -T"C:\Users\yasin\OneDrive - Groupe ESIEA\Projet perso\MRM\mainboardV1.2\STM32F303K8TX_FLASH.ld" --specs=nosys.specs -Wl,-Map="mainboardV1.2.map" -Wl,--gc-sections -static --specs=nano.specs -mfpu=fpv4-sp-d16 -mfloat-abi=hard -mthumb -Wl,--start-group -lc -lm -Wl,--end-group
Finished building target: mainboardV1.2.elf
 
arm-none-eabi-size  mainboardV1.2.elf 
arm-none-eabi-objdump -h -S mainboardV1.2.elf  > "mainboardV1.2.list"
   text	   data	    bss	    dec	    hex	filename
  16576	    104	   2136	  18816	   4980	mainboardV1.2.elf
Finished building: default.size.stdout
 
Finished building: mainboardV1.2.list
 
23:00:21 **** Incremental Build of configuration Debug for project mainboardV1.2 ****
make -j12 all 
arm-none-eabi-size  mainboardV1.2.elf 
   text	   data	    bss	    dec	    hex	filename
  16576	    104	   2136	  18816	   4980	mainboardV1.2.elf
Finished building: default.size.stdout
 
23:04:21 **** Incremental Build of configuration Debug for project mainboardV1.2 ****
make -j12 all 
arm-none-eabi-size  mainboardV1.2.elf 
   text	   data	    bss	    dec	    hex	filename
  16576	    104	   2136	  18816	   4980	mainboardV1.2.elf
Finished building: default.size.stdout
 
23:07:50 **** Incremental Build of configuration Debug for project mainboardV1.2 ****
make -j12 all 
arm-none-eabi-gcc "../Core/Src/main.c" -mcpu=cortex-m4 -std=gnu11 -g3 -DDEBUG -DUSE_HAL_DRIVER -DSTM32F303x8 -c -I../Core/Inc -I../Drivers/STM32F3xx_HAL_Driver/Inc -I../Drivers/STM32F3xx_HAL_Driver/Inc/Legacy -I../Drivers/CMSIS/Device/ST/STM32F3xx/Include -I../Drivers/CMSIS/Include -O0 -ffunction-sections -fdata-sections -Wall -fstack-usage -fcyclomatic-complexity -MMD -MP -MF"Core/Src/main.d" -MT"Core/Src/main.o" --specs=nano.specs -mfpu=fpv4-sp-d16 -mfloat-abi=hard -mthumb -o "Core/Src/main.o"
../Core/Src/main.c:327:13: warning: 'MX_USART2_UART_Init' defined but not used [-Wunused-function]
  327 | static void MX_USART2_UART_Init(void)
      |             ^~~~~~~~~~~~~~~~~~~
arm-none-eabi-gcc -o "mainboardV1.2.elf" @"objects.list"   -mcpu=cortex-m4 -T"C:\Users\yasin\OneDrive - Groupe ESIEA\Projet perso\MRM\mainboardV1.2\STM32F303K8TX_FLASH.ld" --specs=nosys.specs -Wl,-Map="mainboardV1.2.map" -Wl,--gc-sections -static --specs=nano.specs -mfpu=fpv4-sp-d16 -mfloat-abi=hard -mthumb -Wl,--start-group -lc -lm -Wl,--end-group
Finished building target: mainboardV1.2.elf
 
arm-none-eabi-size  mainboardV1.2.elf 
arm-none-eabi-objdump -h -S mainboardV1.2.elf  > "mainboardV1.2.list"
   text	   data	    bss	    dec	    hex	filename
  16576	    104	   2136	  18816	   4980	mainboardV1.2.elf
Finished building: default.size.stdout
 
Finished building: mainboardV1.2.list
 
23:15:10 **** Incremental Build of configuration Debug for project mainboardV1.2 ****
make -j12 all 
arm-none-eabi-gcc "../Core/Src/main.c" -mcpu=cortex-m4 -std=gnu11 -g3 -DDEBUG -DUSE_HAL_DRIVER -DSTM32F303x8 -c -I../Core/Inc -I../Drivers/STM32F3xx_HAL_Driver/Inc -I../Drivers/STM32F3xx_HAL_Driver/Inc/Legacy -I../Drivers/CMSIS/Device/ST/STM32F3xx/Include -I../Drivers/CMSIS/Include -O0 -ffunction-sections -fdata-sections -Wall -fstack-usage -fcyclomatic-complexity -MMD -MP -MF"Core/Src/main.d" -MT"Core/Src/main.o" --specs=nano.specs -mfpu=fpv4-sp-d16 -mfloat-abi=hard -mthumb -o "Core/Src/main.o"
../Core/Src/main.c:326:13: warning: 'MX_USART2_UART_Init' defined but not used [-Wunused-function]
  326 | static void MX_USART2_UART_Init(void)
      |             ^~~~~~~~~~~~~~~~~~~
arm-none-eabi-gcc -o "mainboardV1.2.elf" @"objects.list"   -mcpu=cortex-m4 -T"C:\Users\yasin\OneDrive - Groupe ESIEA\Projet perso\MRM\mainboardV1.2\STM32F303K8TX_FLASH.ld" --specs=nosys.specs -Wl,-Map="mainboardV1.2.map" -Wl,--gc-sections -static --specs=nano.specs -mfpu=fpv4-sp-d16 -mfloat-abi=hard -mthumb -Wl,--start-group -lc -lm -Wl,--end-group
Finished building target: mainboardV1.2.elf
 
arm-none-eabi-size  mainboardV1.2.elf 
arm-none-eabi-objdump -h -S mainboardV1.2.elf  > "mainboardV1.2.list"
   text	   data	    bss	    dec	    hex	filename
  16568	    104	   2136	  18808	   4978	mainboardV1.2.elf
Finished building: default.size.stdout
 
Finished building: mainboardV1.2.list
 
23:17:03 **** Incremental Build of configuration Debug for project mainboardV1.2 ****
make -j12 all 
arm-none-eabi-size  mainboardV1.2.elf 
   text	   data	    bss	    dec	    hex	filename
  16568	    104	   2136	  18808	   4978	mainboardV1.2.elf
Finished building: default.size.stdout
 
23:17:25 **** Incremental Build of configuration Debug for project mainboardV1.2 ****
make -j12 all 
arm-none-eabi-size  mainboardV1.2.elf 
   text	   data	    bss	    dec	    hex	filename
  16568	    104	   2136	  18808	   4978	mainboardV1.2.elf
Finished building: default.size.stdout
 
23:19:39 **** Incremental Build of configuration Debug for project mainboardV1.2 ****
make -j12 all 
arm-none-eabi-gcc -o "mainboardV1.2.elf" @"objects.list"   -mcpu=cortex-m4 -T"C:\Users\yasin\OneDrive - Groupe ESIEA\Projet perso\MRM\mainboardV1.2\STM32F303K8TX_FLASH.ld" --specs=nosys.specs -Wl,-Map="mainboardV1.2.map" -Wl,--gc-sections -static --specs=nano.specs -mfpu=fpv4-sp-d16 -mfloat-abi=hard -mthumb -Wl,--start-group -lc -lm -Wl,--end-group
Finished building target: mainboardV1.2.elf
 
arm-none-eabi-size  mainboardV1.2.elf 
arm-none-eabi-objdump -h -S mainboardV1.2.elf  > "mainboardV1.2.list"
   text	   data	    bss	    dec	    hex	filename
  16568	    104	   2136	  18808	   4978	mainboardV1.2.elf
Finished building: default.size.stdout
 
Finished building: mainboardV1.2.list
 
01:15:10 **** Build of configuration Debug for project 01-RTC ****
make -j12 all 
arm-none-eabi-gcc -mcpu=cortex-m4 -g3 -DDEBUG -c -x assembler-with-cpp -MMD -MP -MF"MDK-ARM/startup_stm32f405xx.d" -MT"MDK-ARM/startup_stm32f405xx.o" --specs=nano.specs -mfpu=fpv4-sp-d16 -mfloat-abi=hard -mthumb -o "MDK-ARM/startup_stm32f405xx.o" "../MDK-ARM/startup_stm32f405xx.s"
arm-none-eabi-gcc "../Drivers/STM32F4xx_HAL_Driver/Src/stm32f4xx_hal.c" -mcpu=cortex-m4 -std=gnu11 -g3 -DDEBUG -DUSE_HAL_DRIVER -DSTM32F405xx -c -I../../Core/Inc -I../../Drivers/STM32F4xx_HAL_Driver/Inc -I../../Drivers/STM32F4xx_HAL_Driver/Inc/Legacy -I../../Drivers/CMSIS/Device/ST/STM32F4xx/Include -I../../Drivers/CMSIS/Include -O0 -ffunction-sections -fdata-sections -Wall -fstack-usage -fcyclomatic-complexity -MMD -MP -MF"Drivers/STM32F4xx_HAL_Driver/Src/stm32f4xx_hal.d" -MT"Drivers/STM32F4xx_HAL_Driver/Src/stm32f4xx_hal.o" --specs=nano.specs -mfpu=fpv4-sp-d16 -mfloat-abi=hard -mthumb -o "Drivers/STM32F4xx_HAL_Driver/Src/stm32f4xx_hal.o"
arm-none-eabi-gcc "../Drivers/STM32F4xx_HAL_Driver/Src/stm32f4xx_hal_cortex.c" -mcpu=cortex-m4 -std=gnu11 -g3 -DDEBUG -DUSE_HAL_DRIVER -DSTM32F405xx -c -I../../Core/Inc -I../../Drivers/STM32F4xx_HAL_Driver/Inc -I../../Drivers/STM32F4xx_HAL_Driver/Inc/Legacy -I../../Drivers/CMSIS/Device/ST/STM32F4xx/Include -I../../Drivers/CMSIS/Include -O0 -ffunction-sections -fdata-sections -Wall -fstack-usage -fcyclomatic-complexity -MMD -MP -MF"Drivers/STM32F4xx_HAL_Driver/Src/stm32f4xx_hal_cortex.d" -MT"Drivers/STM32F4xx_HAL_Driver/Src/stm32f4xx_hal_cortex.o" --specs=nano.specs -mfpu=fpv4-sp-d16 -mfloat-abi=hard -mthumb -o "Drivers/STM32F4xx_HAL_Driver/Src/stm32f4xx_hal_cortex.o"
arm-none-eabi-gcc "../Drivers/STM32F4xx_HAL_Driver/Src/stm32f4xx_hal_dma.c" -mcpu=cortex-m4 -std=gnu11 -g3 -DDEBUG -DUSE_HAL_DRIVER -DSTM32F405xx -c -I../../Core/Inc -I../../Drivers/STM32F4xx_HAL_Driver/Inc -I../../Drivers/STM32F4xx_HAL_Driver/Inc/Legacy -I../../Drivers/CMSIS/Device/ST/STM32F4xx/Include -I../../Drivers/CMSIS/Include -O0 -ffunction-sections -fdata-sections -Wall -fstack-usage -fcyclomatic-complexity -MMD -MP -MF"Drivers/STM32F4xx_HAL_Driver/Src/stm32f4xx_hal_dma.d" -MT"Drivers/STM32F4xx_HAL_Driver/Src/stm32f4xx_hal_dma.o" --specs=nano.specs -mfpu=fpv4-sp-d16 -mfloat-abi=hard -mthumb -o "Drivers/STM32F4xx_HAL_Driver/Src/stm32f4xx_hal_dma.o"
arm-none-eabi-gcc "../Drivers/STM32F4xx_HAL_Driver/Src/stm32f4xx_hal_dma_ex.c" -mcpu=cortex-m4 -std=gnu11 -g3 -DDEBUG -DUSE_HAL_DRIVER -DSTM32F405xx -c -I../../Core/Inc -I../../Drivers/STM32F4xx_HAL_Driver/Inc -I../../Drivers/STM32F4xx_HAL_Driver/Inc/Legacy -I../../Drivers/CMSIS/Device/ST/STM32F4xx/Include -I../../Drivers/CMSIS/Include -O0 -ffunction-sections -fdata-sections -Wall -fstack-usage -fcyclomatic-complexity -MMD -MP -MF"Drivers/STM32F4xx_HAL_Driver/Src/stm32f4xx_hal_dma_ex.d" -MT"Drivers/STM32F4xx_HAL_Driver/Src/stm32f4xx_hal_dma_ex.o" --specs=nano.specs -mfpu=fpv4-sp-d16 -mfloat-abi=hard -mthumb -o "Drivers/STM32F4xx_HAL_Driver/Src/stm32f4xx_hal_dma_ex.o"
arm-none-eabi-gcc "../Drivers/STM32F4xx_HAL_Driver/Src/stm32f4xx_hal_exti.c" -mcpu=cortex-m4 -std=gnu11 -g3 -DDEBUG -DUSE_HAL_DRIVER -DSTM32F405xx -c -I../../Core/Inc -I../../Drivers/STM32F4xx_HAL_Driver/Inc -I../../Drivers/STM32F4xx_HAL_Driver/Inc/Legacy -I../../Drivers/CMSIS/Device/ST/STM32F4xx/Include -I../../Drivers/CMSIS/Include -O0 -ffunction-sections -fdata-sections -Wall -fstack-usage -fcyclomatic-complexity -MMD -MP -MF"Drivers/STM32F4xx_HAL_Driver/Src/stm32f4xx_hal_exti.d" -MT"Drivers/STM32F4xx_HAL_Driver/Src/stm32f4xx_hal_exti.o" --specs=nano.specs -mfpu=fpv4-sp-d16 -mfloat-abi=hard -mthumb -o "Drivers/STM32F4xx_HAL_Driver/Src/stm32f4xx_hal_exti.o"
arm-none-eabi-gcc "../Drivers/STM32F4xx_HAL_Driver/Src/stm32f4xx_hal_flash.c" -mcpu=cortex-m4 -std=gnu11 -g3 -DDEBUG -DUSE_HAL_DRIVER -DSTM32F405xx -c -I../../Core/Inc -I../../Drivers/STM32F4xx_HAL_Driver/Inc -I../../Drivers/STM32F4xx_HAL_Driver/Inc/Legacy -I../../Drivers/CMSIS/Device/ST/STM32F4xx/Include -I../../Drivers/CMSIS/Include -O0 -ffunction-sections -fdata-sections -Wall -fstack-usage -fcyclomatic-complexity -MMD -MP -MF"Drivers/STM32F4xx_HAL_Driver/Src/stm32f4xx_hal_flash.d" -MT"Drivers/STM32F4xx_HAL_Driver/Src/stm32f4xx_hal_flash.o" --specs=nano.specs -mfpu=fpv4-sp-d16 -mfloat-abi=hard -mthumb -o "Drivers/STM32F4xx_HAL_Driver/Src/stm32f4xx_hal_flash.o"
arm-none-eabi-gcc "../Drivers/STM32F4xx_HAL_Driver/Src/stm32f4xx_hal_flash_ex.c" -mcpu=cortex-m4 -std=gnu11 -g3 -DDEBUG -DUSE_HAL_DRIVER -DSTM32F405xx -c -I../../Core/Inc -I../../Drivers/STM32F4xx_HAL_Driver/Inc -I../../Drivers/STM32F4xx_HAL_Driver/Inc/Legacy -I../../Drivers/CMSIS/Device/ST/STM32F4xx/Include -I../../Drivers/CMSIS/Include -O0 -ffunction-sections -fdata-sections -Wall -fstack-usage -fcyclomatic-complexity -MMD -MP -MF"Drivers/STM32F4xx_HAL_Driver/Src/stm32f4xx_hal_flash_ex.d" -MT"Drivers/STM32F4xx_HAL_Driver/Src/stm32f4xx_hal_flash_ex.o" --specs=nano.specs -mfpu=fpv4-sp-d16 -mfloat-abi=hard -mthumb -o "Drivers/STM32F4xx_HAL_Driver/Src/stm32f4xx_hal_flash_ex.o"
arm-none-eabi-gcc "../Drivers/STM32F4xx_HAL_Driver/Src/stm32f4xx_hal_flash_ramfunc.c" -mcpu=cortex-m4 -std=gnu11 -g3 -DDEBUG -DUSE_HAL_DRIVER -DSTM32F405xx -c -I../../Core/Inc -I../../Drivers/STM32F4xx_HAL_Driver/Inc -I../../Drivers/STM32F4xx_HAL_Driver/Inc/Legacy -I../../Drivers/CMSIS/Device/ST/STM32F4xx/Include -I../../Drivers/CMSIS/Include -O0 -ffunction-sections -fdata-sections -Wall -fstack-usage -fcyclomatic-complexity -MMD -MP -MF"Drivers/STM32F4xx_HAL_Driver/Src/stm32f4xx_hal_flash_ramfunc.d" -MT"Drivers/STM32F4xx_HAL_Driver/Src/stm32f4xx_hal_flash_ramfunc.o" --specs=nano.specs -mfpu=fpv4-sp-d16 -mfloat-abi=hard -mthumb -o "Drivers/STM32F4xx_HAL_Driver/Src/stm32f4xx_hal_flash_ramfunc.o"
../Drivers/STM32F4xx_HAL_Driver/Src/stm32f4xx_hal.c:36:10: fatal error: stm32f4xx_hal.h: No such file or directory
   36 | #include "stm32f4xx_hal.h"
      |          ^~~~~~~~~~~~~~~~~
compilation terminated.
../Drivers/STM32F4xx_HAL_Driver/Src/stm32f4xx_hal_cortex.c:81:10: fatal error: stm32f4xx_hal.h: No such file or directory
   81 | #include "stm32f4xx_hal.h"
      |          ^~~~~~~~~~~~~~~~~
compilation terminated.
arm-none-eabi-gcc "../Drivers/STM32F4xx_HAL_Driver/Src/stm32f4xx_hal_gpio.c" -mcpu=cortex-m4 -std=gnu11 -g3 -DDEBUG -DUSE_HAL_DRIVER -DSTM32F405xx -c -I../../Core/Inc -I../../Drivers/STM32F4xx_HAL_Driver/Inc -I../../Drivers/STM32F4xx_HAL_Driver/Inc/Legacy -I../../Drivers/CMSIS/Device/ST/STM32F4xx/Include -I../../Drivers/CMSIS/Include -O0 -ffunction-sections -fdata-sections -Wall -fstack-usage -fcyclomatic-complexity -MMD -MP -MF"Drivers/STM32F4xx_HAL_Driver/Src/stm32f4xx_hal_gpio.d" -MT"Drivers/STM32F4xx_HAL_Driver/Src/stm32f4xx_hal_gpio.o" --specs=nano.specs -mfpu=fpv4-sp-d16 -mfloat-abi=hard -mthumb -o "Drivers/STM32F4xx_HAL_Driver/Src/stm32f4xx_hal_gpio.o"
../Drivers/STM32F4xx_HAL_Driver/Src/stm32f4xx_hal_dma.c:97:10: fatal error: stm32f4xx_hal.h: No such file or directory
   97 | #include "stm32f4xx_hal.h"
      |          ^~~~~~~~~~~~~~~~~
compilation terminated.
../Drivers/STM32F4xx_HAL_Driver/Src/stm32f4xx_hal_dma_ex.c:39:10: fatal error: stm32f4xx_hal.h: No such file or directory
   39 | #include "stm32f4xx_hal.h"
      |          ^~~~~~~~~~~~~~~~~
compilation terminated.
make: *** [Drivers/STM32F4xx_HAL_Driver/Src/subdir.mk:70: Drivers/STM32F4xx_HAL_Driver/Src/stm32f4xx_hal.o] Error 1
make: *** Waiting for unfinished jobs....
make: *** [Drivers/STM32F4xx_HAL_Driver/Src/subdir.mk:70: Drivers/STM32F4xx_HAL_Driver/Src/stm32f4xx_hal_cortex.o] Error 1
make: *** [Drivers/STM32F4xx_HAL_Driver/Src/subdir.mk:70: Drivers/STM32F4xx_HAL_Driver/Src/stm32f4xx_hal_dma.o] Error 1
make: *** [Drivers/STM32F4xx_HAL_Driver/Src/subdir.mk:70: Drivers/STM32F4xx_HAL_Driver/Src/stm32f4xx_hal_dma_ex.o] Error 1
../Drivers/STM32F4xx_HAL_Driver/Src/stm32f4xx_hal_exti.c:86:10: fatal error: stm32f4xx_hal.h: No such file or directory
   86 | #include "stm32f4xx_hal.h"
      |          ^~~~~~~~~~~~~~~~~
compilation terminated.
../Drivers/STM32F4xx_HAL_Driver/Src/stm32f4xx_hal_flash.c:76:10: fatal error: stm32f4xx_hal.h: No such file or directory
   76 | #include "stm32f4xx_hal.h"
      |          ^~~~~~~~~~~~~~~~~
compilation terminated.
make: *** [Drivers/STM32F4xx_HAL_Driver/Src/subdir.mk:70: Drivers/STM32F4xx_HAL_Driver/Src/stm32f4xx_hal_exti.o] Error 1
make: *** [Drivers/STM32F4xx_HAL_Driver/Src/subdir.mk:70: Drivers/STM32F4xx_HAL_Driver/Src/stm32f4xx_hal_flash.o] Error 1
../Drivers/STM32F4xx_HAL_Driver/Src/stm32f4xx_hal_flash_ex.c:62:10: fatal error: stm32f4xx_hal.h: No such file or directory
   62 | #include "stm32f4xx_hal.h"
      |          ^~~~~~~~~~~~~~~~~
compilation terminated.
../MDK-ARM/startup_stm32f405xx.s: Assembler messages:
../MDK-ARM/startup_stm32f405xx.s:1: Error: junk at end of line, first unrecognized character is `*'
../MDK-ARM/startup_stm32f405xx.s:2: Error: junk at end of line, first unrecognized character is `*'
../MDK-ARM/startup_stm32f405xx.s:3: Error: junk at end of line, first unrecognized character is `*'
../MDK-ARM/startup_stm32f405xx.s:4: Error: junk at end of line, first unrecognized character is `*'
../MDK-ARM/startup_stm32f405xx.s:5: Error: junk at end of line, first unrecognized character is `*'
../MDK-ARM/startup_stm32f405xx.s:6: Error: junk at end of line, first unrecognized character is `*'
../MDK-ARM/startup_stm32f405xx.s:7: Error: junk at end of line, first unrecognized character is `*'
../MDK-ARM/startup_stm32f405xx.s:8: Error: junk at end of line, first unrecognized character is `*'
../MDK-ARM/startup_stm32f405xx.s:9: Error: junk at end of line, first unrecognized character is `*'
../MDK-ARM/startup_stm32f405xx.s:10: Error: junk at end of line, first unrecognized character is `*'
../MDK-ARM/startup_stm32f405xx.s:11: Error: junk at end of line, first unrecognized character is `*'
../MDK-ARM/startup_stm32f405xx.s:12: Error: junk at end of line, first unrecognized character is `*'
../MDK-ARM/startup_stm32f405xx.s:13: Error: junk at end of line, first unrecognized character is `*'
../MDK-ARM/startup_stm32f405xx.s:14: Error: junk at end of line, first unrecognized character is `*'
../MDK-ARM/startup_stm32f405xx.s:15: Error: junk at end of line, first unrecognized character is `*'
../MDK-ARM/startup_stm32f405xx.s:16: Error: junk at end of line, first unrecognized character is `*'
../MDK-ARM/startup_stm32f405xx.s:17: Error: junk at end of line, first unrecognized character is `*'
../MDK-ARM/startup_stm32f405xx.s:18: Error: junk at end of line, first unrecognized character is `*'
../MDK-ARM/startup_stm32f405xx.s:19: Error: junk at end of line, first unrecognized character is `*'
../MDK-ARM/startup_stm32f405xx.s:20: Error: junk at end of line, first unrecognized character is `*'
../MDK-ARM/startup_stm32f405xx.s:21: Error: junk at end of line, first unrecognized character is `*'
../MDK-ARM/startup_stm32f405xx.s:22: Error: junk at end of line, first unrecognized character is `*'
../MDK-ARM/startup_stm32f405xx.s:23: Error: junk at end of line, first unrecognized character is `*'
../MDK-ARM/startup_stm32f405xx.s:24: Error: junk at end of line, first unrecognized character is `*'
../MDK-ARM/startup_stm32f405xx.s:26: Error: bad instruction `amount of memory(in bytes)allocated for Stack'
../MDK-ARM/startup_stm32f405xx.s:27: Error: bad instruction `tailor this value to your application needs'
../MDK-ARM/startup_stm32f405xx.s:28: Error: junk at end of line, first unrecognized character is `<'
../MDK-ARM/startup_stm32f405xx.s:29: Error: junk at end of line, first unrecognized character is `<'
../MDK-ARM/startup_stm32f405xx.s:30: Error: junk at end of line, first unrecognized character is `<'
../MDK-ARM/startup_stm32f405xx.s:32: Error: bad instruction `stack_size EQU 0x400'
../MDK-ARM/startup_stm32f405xx.s:34: Error: bad instruction `area STACK,NOINIT,READWRITE,ALIGN=3'
../MDK-ARM/startup_stm32f405xx.s:35: Error: bad instruction `stack_mem SPACE Stack_Size'
../MDK-ARM/startup_stm32f405xx.s:36: Error: bad instruction `__initial_sp'
../MDK-ARM/startup_stm32f405xx.s:39: Error: junk at end of line, first unrecognized character is `<'
../MDK-ARM/startup_stm32f405xx.s:40: Error: junk at end of line, first unrecognized character is `<'
../MDK-ARM/startup_stm32f405xx.s:41: Error: junk at end of line, first unrecognized character is `<'
../MDK-ARM/startup_stm32f405xx.s:43: Error: bad instruction `heap_size EQU 0x200'
../MDK-ARM/startup_stm32f405xx.s:45: Error: bad instruction `area HEAP,NOINIT,READWRITE,ALIGN=3'
../MDK-ARM/startup_stm32f405xx.s:46: Error: bad instruction `__heap_base'
../MDK-ARM/startup_stm32f405xx.s:47: Error: bad instruction `heap_mem SPACE Heap_Size'
../MDK-ARM/startup_stm32f405xx.s:48: Error: bad instruction `__heap_limit'
../MDK-ARM/startup_stm32f405xx.s:50: Error: bad instruction `preserve8'
../MDK-ARM/startup_stm32f405xx.s:51: Error: bad instruction `thumb'
../MDK-ARM/startup_stm32f405xx.s:54: Error: bad instruction `vector Table Mapped to Address 0 at Reset'
../MDK-ARM/startup_stm32f405xx.s:55: Error: bad instruction `area RESET,DATA,READONLY'
../MDK-ARM/startup_stm32f405xx.s:56: Error: bad instruction `export __Vectors'
../MDK-ARM/startup_stm32f405xx.s:57: Error: bad instruction `export __Vectors_End'
../MDK-ARM/startup_stm32f405xx.s:58: Error: bad instruction `export __Vectors_Size'
../MDK-ARM/startup_stm32f405xx.s:60: Error: bad instruction `__vectors DCD __initial_sp'
../MDK-ARM/startup_stm32f405xx.s:60: Error: bad instruction `top of Stack'
../MDK-ARM/startup_stm32f405xx.s:61: Error: bad instruction `dcd Reset_Handler'
../MDK-ARM/startup_stm32f405xx.s:61: Error: bad instruction `reset Handler'
../MDK-ARM/startup_stm32f405xx.s:62: Error: bad instruction `dcd NMI_Handler'
../MDK-ARM/startup_stm32f405xx.s:62: Error: bad instruction `nmi Handler'
../MDK-ARM/startup_stm32f405xx.s:63: Error: bad instruction `dcd HardFault_Handler'
../MDK-ARM/startup_stm32f405xx.s:63: Error: bad instruction `hard Fault Handler'
../MDK-ARM/startup_stm32f405xx.s:64: Error: bad instruction `dcd MemManage_Handler'
../MDK-ARM/startup_stm32f405xx.s:64: Error: bad instruction `mpu Fault Handler'
../MDK-ARM/startup_stm32f405xx.s:65: Error: bad instruction `dcd BusFault_Handler'
../MDK-ARM/startup_stm32f405xx.s:65: Error: bad instruction `bus Fault Handler'
../MDK-ARM/startup_stm32f405xx.s:66: Error: bad instruction `dcd UsageFault_Handler'
../MDK-ARM/startup_stm32f405xx.s:66: Error: bad instruction `usage Fault Handler'
../MDK-ARM/startup_stm32f405xx.s:67: Error: bad instruction `dcd 0'
../MDK-ARM/startup_stm32f405xx.s:67: Error: bad instruction `reserved'
../MDK-ARM/startup_stm32f405xx.s:68: Error: bad instruction `dcd 0'
../MDK-ARM/startup_stm32f405xx.s:68: Error: bad instruction `reserved'
../MDK-ARM/startup_stm32f405xx.s:69: Error: bad instruction `dcd 0'
../MDK-ARM/startup_stm32f405xx.s:69: Error: bad instruction `reserved'
../MDK-ARM/startup_stm32f405xx.s:70: Error: bad instruction `dcd 0'
../MDK-ARM/startup_stm32f405xx.s:70: Error: bad instruction `reserved'
../MDK-ARM/startup_stm32f405xx.s:71: Error: bad instruction `dcd SVC_Handler'
../MDK-ARM/startup_stm32f405xx.s:71: Error: bad instruction `svcall Handler'
../MDK-ARM/startup_stm32f405xx.s:72: Error: bad instruction `dcd DebugMon_Handler'
../MDK-ARM/startup_stm32f405xx.s:72: Error: bad instruction `debug Monitor Handler'
../MDK-ARM/startup_stm32f405xx.s:73: Error: bad instruction `dcd 0'
../MDK-ARM/startup_stm32f405xx.s:73: Error: bad instruction `reserved'
../MDK-ARM/startup_stm32f405xx.s:74: Error: bad instruction `dcd PendSV_Handler'
../MDK-ARM/startup_stm32f405xx.s:74: Error: bad instruction `pendsv Handler'
../MDK-ARM/startup_stm32f405xx.s:75: Error: bad instruction `dcd SysTick_Handler'
../MDK-ARM/startup_stm32f405xx.s:75: Error: bad instruction `systick Handler'
../MDK-ARM/startup_stm32f405xx.s:77: Error: bad instruction `external Interrupts'
../MDK-ARM/startup_stm32f405xx.s:78: Error: bad instruction `dcd WWDG_IRQHandler'
../MDK-ARM/startup_stm32f405xx.s:78: Error: bad instruction `window WatchDog'
../MDK-ARM/startup_stm32f405xx.s:79: Error: bad instruction `dcd PVD_IRQHandler'
../MDK-ARM/startup_stm32f405xx.s:79: Error: bad instruction `pvd through EXTI Line detection'
../MDK-ARM/startup_stm32f405xx.s:80: Error: bad instruction `dcd TAMP_STAMP_IRQHandler'
../MDK-ARM/startup_stm32f405xx.s:80: Error: bad instruction `tamper and TimeStamps through the EXTI line'
../MDK-ARM/startup_stm32f405xx.s:81: Error: bad instruction `dcd RTC_WKUP_IRQHandler'
../MDK-ARM/startup_stm32f405xx.s:81: Error: bad instruction `rtc Wakeup through the EXTI line'
../MDK-ARM/startup_stm32f405xx.s:82: Error: bad instruction `dcd FLASH_IRQHandler'
../MDK-ARM/startup_stm32f405xx.s:82: Error: bad instruction `flash'
../MDK-ARM/startup_stm32f405xx.s:83: Error: bad instruction `dcd RCC_IRQHandler'
../MDK-ARM/startup_stm32f405xx.s:83: Error: bad instruction `rcc'
../MDK-ARMmake: *** [Drivers/STM32F4xx_HAL_Driver/Src/subdir.mk:70: Drivers/STM32F4xx_HAL_Driver/Src/stm32f4xx_hal_flash_ex.o] Error 1
/startup_stm32f405xx.s:84: Error: bad instruction `dcd EXTI0_IRQHandler'
../MDK-ARM/startup_stm32f405xx.s:84: Error: bad instruction `exti Line0'
../MDK-ARM/startup_stm32f405xx.s:85: Error: bad instruction `dcd EXTI1_IRQHandler'
../MDK-ARM/startup_stm32f405xx.s:85: Error: bad instruction `exti Line1'
../MDK-ARM/startup_stm32f405xx.s:86: Error: bad instruction `dcd EXTI2_IRQHandler'
../MDK-ARM/startup_stm32f405xx.s:86: Error: bad instruction `exti Line2'
../MDK-ARM/startup_stm32f405xx.s:87: Error: bad instruction `dcd EXTI3_IRQHandler'
../MDK-ARM/startup_stm32f405xx.s:87: Error: bad instruction `exti Line3'
../MDK-ARM/startup_stm32f405xx.s:88: Error: bad instruction `dcd EXTI4_IRQHandler'
../MDK-ARM/startup_stm32f405xx.s:88: Error: bad instruction `exti Line4'
../MDK-ARM/startup_stm32f405xx.s:89: Error: bad instruction `dcd DMA1_Stream0_IRQHandler'
../MDK-ARM/startup_stm32f405xx.s:89: Error: bad instruction `dma1 Stream 0'
../MDK-ARM/startup_stm32f405xx.s:90: Error: bad instruction `dcd DMA1_Stream1_IRQHandler'
../MDK-ARM/startup_stm32f405xx.s:90: Error: bad instruction `dma1 Stream 1'
../MDK-ARM/startup_stm32f405xx.s:91: Error: bad instruction `dcd DMA1_Stream2_IRQHandler'
../MDK-ARM/startup_stm32f405xx.s:91: Error: bad instruction `dma1 Stream 2'
../MDK-ARM/startup_stm32f405xx.s:92: Error: bad instruction `dcd DMA1_Stream3_IRQHandler'
../MDK-ARM/startup_stm32f405xx.s:92: Error: bad instruction `dma1 Stream 3'
../MDK-ARM/startup_stm32f405xx.s:93: Error: bad instruction `dcd DMA1_Stream4_IRQHandler'
../MDK-ARM/startup_stm32f405xx.s:93: Error: bad instruction `dma1 Stream 4'
../MDK-ARM/startup_stm32f405xx.s:94: Error: bad instruction `dcd DMA1_Stream5_IRQHandler'
../MDK-ARM/startup_stm32f405xx.s:94: Error: bad instruction `dma1 Stream 5'
../MDK-ARM/startup_stm32f405xx.s:95: Error: bad instruction `dcd DMA1_Stream6_IRQHandler'
../MDK-ARM/startup_stm32f405xx.s:95: Error: bad instruction `dma1 Stream 6'
../MDK-ARM/startup_stm32f405xx.s:96: Error: bad instruction `dcd ADC_IRQHandler'
../MDK-ARM/startup_stm32f405xx.s:96: Error: bad instruction `adc1, ADC2 and ADC3s'
../MDK-ARM/startup_stm32f405xx.s:97: Error: bad instruction `dcd CAN1_TX_IRQHandler'
../MDK-ARM/startup_stm32f405xx.s:97: Error: bad instruction `can1 TX'
../MDK-ARM/startup_stm32f405xx.s:98: Error: bad instruction `dcd CAN1_RX0_IRQHandler'
../MDK-ARM/startup_stm32f405xx.s:98: Error: bad instruction `can1 RX0'
../MDK-ARM/startup_stm32f405xx.s:99: Error: bad instruction `dcd CAN1_RX1_IRQHandler'
../MDK-ARM/startup_stm32f405xx.s:99: Error: bad instruction `can1 RX1'
../MDK-ARM/startup_stm32f405xx.s:100: Error: bad instruction `dcd CAN1_SCE_IRQHandler'
../MDK-ARM/startup_stm32f405xx.s:100: Error: bad instruction `can1 SCE'
../MDK-ARM/startup_stm32f405xx.s:101: Error: bad instruction `dcd EXTI9_5_IRQHandler'
../MDK-ARM/startup_stm32f405xx.s:101: Error: bad instruction `external Line[9:5]s'
../MDK-ARM/startup_stm32f405xx.s:102: Error: bad instruction `dcd TIM1_BRK_TIM9_IRQHandler'
../MDK-ARM/startup_stm32f405xx.s:102: Error: bad instruction `tim1 Break and TIM9'
../MDK-ARM/startup_stm32f405xx.s:103: Error: bad instruction `dcd TIM1_UP_TIM10_IRQHandler'
../MDK-ARM/startup_stm32f405xx.s:103: Error: bad instruction `tim1 Update and TIM10'
../MDK-ARM/startup_stm32f405xx.s:104: Error: bad instruction `dcd TIM1_TRG_COM_TIM11_IRQHandler'
../MDK-ARM/startup_stm32f405xx.s:104: Error: bad instruction `tim1 Trigger and Commutation and TIM11'
../MDK-ARM/startup_stm32f405xx.s:105: Error: bad instruction `dcd TIM1_CC_IRQHandler'
../MDK-ARM/startup_stm32f405xx.s:105: Error: bad instruction `tim1 Capture Compare'
../MDK-ARM/startup_stm32f405xx.s:106: Error: bad instruction `dcd TIM2_IRQHandler'
../MDK-ARM/startup_stm32f405xx.s:106: Error: bad instruction `tim2'
../MDK-ARM/startup_stm32f405xx.s:107: Error: bad instruction `dcd TIM3_IRQHandler'
../MDK-ARM/startup_stm32f405xx.s:107: Error: bad instruction `tim3'
../MDK-ARM/startup_stm32f405xx.s:108: Error: bad instruction `dcd TIM4_IRQHandler'
../MDK-ARM/startup_stm32f405xx.s:108: Error: bad instruction `tim4'
../MDK-ARM/startup_stm32f405x../Drivers/STM32F4xx_HAL_Driver/Src/stm32f4xx_hal_flash_ramfunc.c:47:10: fatal error: stm32f4xx_hal.h: No such file or directory
   47 | #include "stm32f4xx_hal.h"
      |          ^~~~~~~~~~~~~~~~~
x.s:109: Error: bad instruction `dcd I2C1_EV_IRQHandler'
../MDK-ARM/startup_stm32f405xx.s:109: Error: bad instruction `i2c1 Event'
../MDK-ARM/startup_stm32f405xx.s:110: Error: bad instruction `dcd I2C1_ER_IRQHandler'
../MDK-ARM/startup_stm32f405xx.s:110: Error: bad instruction `i2c1 Error'
../MDK-ARM/startup_stm32f405xx.s:111: Error: bad instruction `dcd I2C2_EV_IRQHandler'
../MDK-ARM/startup_stm32f405xx.s:111: Error: bad instruction `i2c2 Event'
../MDK-ARM/startup_stm32f405xx.s:112: Error: bad instruction `dcd I2C2_ER_IRQHandler'
../MDK-ARM/startup_stm32f405xx.s:112: Error: bad instruction `i2c2 Error'
../MDK-ARM/startup_stm32f405xx.s:113: Error: bad instruction `dcd SPI1_IRQHandler'
../MDK-ARM/startup_stm32f405xx.s:113: Error: bad instruction `spi1'
../MDK-ARM/startup_stm32f405xx.s:114: Error: bad instruction `dcd SPI2_IRQHandler'
../MDK-ARM/startup_stm32f405xx.s:114: Error: bad instruction `spi2'
../MDK-ARM/startup_stm32f405xx.s:115: Error: bad instruction `dcd USART1_IRQHandler'
../MDK-ARM/startup_stm32f405xx.s:115: Error: bad instruction `usart1'
../MDK-ARM/startup_stm32f405xx.s:116: Error: bad instruction `dcd USART2_IRQHandler'
../MDK-ARM/startup_stm32f405xx.s:116: Error: bad instruction `usart2'
../MDK-ARM/startup_stm32f405xx.s:117: Error: bad instruction `dcd USART3_IRQHandler'
../MDK-ARM/startup_stm32f405xx.s:117: Error: bad instruction `usart3'
../MDK-ARM/startup_stm32f405xx.s:118: Error: bad instruction `dcd EXTI15_10_IRQHandler'
../MDK-ARM/startup_stm32f405xx.s:118: Error: bad instruction `external Line[15:10]s'
../MDK-ARM/startup_stm32f405xx.s:119: Error: bad instruction `dcd RTC_Alarm_IRQHandler'
../MDK-ARM/startup_stm32f405xx.s:119: Error: bad instruction `rtc Alarm(A and B)through EXTI Line'
../MDK-ARM/startup_stm32f405xx.s:120: Error: bad instruction `dcd OTG_FS_WKUP_IRQHandler'
../MDK-ARM/startup_stm32f405xx.s:120: Error: bad instruction `usb OTG FS Wakeup through EXTI line'
../MDK-ARM/startup_stm32f405xx.s:121: Error: bad instruction `dcd TIM8_BRK_TIM12_IRQHandler'
../MDK-ARM/startup_stm32f405xx.s:121: Error: bad instruction `tim8 Break and TIM12'
../MDK-ARM/startup_stm32f405xx.s:122: Error: bad instruction `dcd TIM8_UP_TIM13_IRQHandler'
../MDK-ARM/startup_stm32f405xx.s:122: Error: bad instruction `tim8 Update and TIM13'
../MDK-ARM/startup_stm32f405xx.s:123: Error: bad instruction `dcd TIM8_TRG_COM_TIM14_IRQHandler'
../MDK-ARM/startup_stm32f405xx.s:123: Error: bad instruction `tim8 Trigger and Commutation and TIM14'
../MDK-ARM/startup_stm32f405xx.s:124: Error: bad instruction `dcd TIM8_CC_IRQHandler'
../MDK-ARM/startup_stm32f405xx.s:124: Error: bad instruction `tim8 Capture Compare'
../MDK-ARM/startup_stm32f405xx.s:125: Error: bad instruction `dcd DMA1_Stream7_IRQHandler'
../MDK-ARM/startup_stm32f405xx.s:125: Error: bad instruction `dma1 Stream7'
../MDK-ARM/startup_stm32f405xx.s:126: Error: bad instruction `dcd FMC_IRQHandler'
../MDK-ARM/startup_stm32f405xx.s:126: Error: bad instruction `fmc'
../MDK-ARM/startup_stm32f405xx.s:127: Error: bad instruction `dcd SDIO_IRQHandler'
../MDK-ARM/startup_stm32f405xx.s:127: Error: bad instruction `sdio'
../MDK-ARM/startup_stm32f405xx.s:128: Error: bad instruction `dcd TIM5_IRQHandler'
../MDK-ARM/startup_stm32f405xx.s:128: Error: bad instruction `tim5'
../MDK-ARM/startup_stm32f405xx.s:129: Error: bad instruction `dcd SPI3_IRQHandler'
../MDK-ARM/startup_stm32f405xx.s:129: Error: bad instruction `spi3'
../MDK-ARM/startup_stm32f405xx.s:130: Error: bad instruction `dcd UART4_IRQHandler'
../MDK-ARM/startup_stm32f405xx.s:130: Error: bad instruction `uart4'
../MDK-ARM/startup_stm32f405xx.s:131: Error: bad instruction `dcd UART5_IRQHandler'
../MDK-ARM/startup_stm32f405xx.s:131: Error: bad instruction `uart5'
../MDK-ARM/startup_stm32f405xx.s:132: Error: bad instruction `dcd TIM6_DAC_IRQHandler'
../MDK-ARM/startup_stm32f405xx.s:132: Error: bad instruction `tim6 and DAC1&2 underrun errors'
../MDK-ARM/startup_stm32f405xx.s:133: Error: bad instruction `dcd TIM7_IRQHandler'
../MDK-ARM/startup_stm32f405xx.s:133: Error: bad instruction `tim7'
../MDK-ARM/startup_stm32f405xx.s:134: compilation terminated.
../Drivers/STM32F4xx_HAL_Driver/Src/stm32f4xx_hal_gpio.c:108:10: fatal error: stm32f4xx_hal.h: No such file or directory
  108 | #include "stm32f4xx_hal.h"
      |          ^~~~~~~~~~~~~~~~~
Error: bad instruction `dcd DMA2_Stream0_IRQHandler'
../MDK-ARM/startup_stm32f405xx.s:134: Error: bad instruction `dma2 Stream 0'
../MDK-ARM/startup_stm32f405xx.s:135: Error: bad instruction `dcd DMA2_Stream1_IRQHandler'
../MDK-ARM/startup_stm32f405xx.s:135: Error: bad instruction `dma2 Stream 1'
../MDK-ARM/startup_stm32f405xx.s:136: Error: bad instruction `dcd DMA2_Stream2_IRQHandler'
../MDK-ARM/startup_stm32f405xx.s:136: Error: bad instruction `dma2 Stream 2'
../MDK-ARM/startup_stm32f405xx.s:137: Error: bad instruction `dcd DMA2_Stream3_IRQHandler'
../MDK-ARM/startup_stm32f405xx.s:137: Error: bad instruction `dma2 Stream 3'
../MDK-ARM/startup_stm32f405xx.s:138: Error: bad instruction `dcd DMA2_Stream4_IRQHandler'
../MDK-ARM/startup_stm32f405xx.s:138: Error: bad instruction `dma2 Stream 4'
../MDK-ARM/startup_stm32f405xx.s:139: Error: bad instruction `dcd 0'
../MDK-ARM/startup_stm32f405xx.s:139: Error: bad instruction `reserved'
../MDK-ARM/startup_stm32f405xx.s:140: Error: bad instruction `dcd 0'
../MDK-ARM/startup_stm32f405xx.s:140: Error: bad instruction `reserved'
../MDK-ARM/startup_stm32f405xx.s:141: Error: bad instruction `dcd CAN2_TX_IRQHandler'
../MDK-ARM/startup_stm32f405xx.s:141: Error: bad instruction `can2 TX'
../MDK-ARM/startup_stm32f405xx.s:142: Error: bad instruction `dcd CAN2_RX0_IRQHandler'
../MDK-ARM/startup_stm32f405xx.s:142: Error: bad instruction `can2 RX0'
../MDK-ARM/startup_stm32f405xx.s:143: Error: bad instruction `dcd CAN2_RX1_IRQHandler'
../MDK-ARM/startup_stm32f405xx.s:143: Error: bad instruction `can2 RX1'
../MDK-ARM/startup_stm32f405xx.s:144: Error: bad instruction `dcd CAN2_SCE_IRQHandler'
../MDK-ARM/startup_stm32f405xx.s:144: Error: bad instruction `can2 SCE'
../MDK-ARM/startup_stm32f405xx.s:145: Error: bad instruction `dcd OTG_FS_IRQHandler'
../MDK-ARM/startup_stm32f405xx.s:145: Error: bad instruction `usb OTG FS'
../MDK-ARM/startup_stm32f405xx.s:146: Error: bad instruction `dcd DMA2_Stream5_IRQHandler'
../MDK-ARM/startup_stm32f405xx.s:146: Error: bad instruction `dma2 Stream 5'
../MDK-ARM/startup_stm32f405xx.s:147: Error: bad instruction `dcd DMA2_Stream6_IRQHandler'
../MDK-ARM/startup_stm32f405xx.s:147: Error: bad instruction `dma2 Stream 6'
../MDK-ARM/startup_stm32f405xx.s:148: Error: bad instruction `dcd DMA2_Stream7_IRQHandler'
../MDK-ARM/startup_stm32f405xx.s:148: Error: bad instruction `dma2 Stream 7'
../MDK-ARM/startup_stm32f405xx.s:149: Error: bad instruction `dcd USART6_IRQHandler'
../MDK-ARM/startup_stm32f405xx.s:149: Error: bad instruction `usart6'
../MDK-ARM/startup_stm32f405xx.s:150: Error: bad instruction `dcd I2C3_EV_IRQHandler'
../MDK-ARM/startup_stm32f405xx.s:150: Error: bad instruction `i2c3 event'
../MDK-ARM/startup_stm32f405xx.s:151: Error: bad instruction `dcd I2C3_ER_IRQHandler'
../MDK-ARM/startup_stm32f405xx.s:151: Error: bad instruction `i2c3 error'
../MDK-ARM/startup_stm32f405xx.s:152: Error: bad instruction `dcd OTG_HS_EP1_OUT_IRQHandler'
../MDK-ARM/startup_stm32f405xx.s:152: Error: bad instruction `usb OTG HS End Point 1 Out'
../MDK-ARM/startup_stm32f405xx.s:153: Error: bad instruction `dcd OTG_HS_EP1_IN_IRQHandler'
../MDK-ARM/startup_stm32f405xx.s:153: Error: bad instruction `usb OTG HS End Point 1 In'
../MDK-ARM/startup_stm32f405xx.s:154: Error: bad instruction `dcd OTG_HS_WKUP_IRQHandler'
../MDK-ARM/startup_stm32f405xx.s:154: Error: bad instruction `usb OTG HS Wakeup through EXTI'
../MDK-ARM/startup_stm32f405xx.s:155: Error: bad instruction `dcd OTG_HS_IRQHandler'
../MDK-ARM/startup_stm32f405xx.s:155: Error: bad instruction `usb OTG HS'
../MDK-ARM/startup_stm32f405xx.s:156: Error: bad instruction `dcd 0'
../MDK-ARM/startup_stm32f405xx.s:156: Error: bad instruction `reserved'
../MDK-ARM/startup_stm32f405xx.s:157: Error: bad instruction `dcd 0'
../MDK-ARM/startup_stm32f405xx.s:157: Error: bad instruction `reserved'
../MDK-ARM/startup_stm32f405xx.s:158: Error: bad instruction `dcd HASH_RNG_IRQHandler'
../MDK-ARM/startup_stm32f405xx.s:158: Error: bad instruction `hash and Rng'
../MDK-ARM/startup_stm32f405xx.s:159: Error: bad instruction `dcd FPU_IRQHandler'
../MDKcompilation terminated.
make: *** [Drivers/STM32F4xx_HAL_Driver/Src/subdir.mk:70: Drivers/STM32F4xx_HAL_Driver/Src/stm32f4xx_hal_flash_ramfunc.o] Error 1
-ARM/startup_stm32f405xx.s:159: Error: bad instruction `fpu'
../MDK-ARM/startup_stm32f405xx.s:162: Error: bad instruction `__vectors_end'
../MDK-ARM/startup_stm32f405xx.s:164: Error: bad instruction `__vectors_size EQU __Vectors_End-__Vectors'
../MDK-ARM/startup_stm32f405xx.s:166: Error: bad instruction `area |.text|,CODE,READONLY'
../MDK-ARM/startup_stm32f405xx.s:168: Error: bad instruction `reset handler'
../MDK-ARM/startup_stm32f405xx.s:169: Error: bad instruction `reset_handler PROC'
../MDK-ARM/startup_stm32f405xx.s:170: Error: bad instruction `export Reset_Handler [WEAK]'
../MDK-ARM/startup_stm32f405xx.s:171: Error: bad instruction `import SystemInit'
../MDK-ARM/startup_stm32f405xx.s:172: Error: bad instruction `import __main'
../MDK-ARM/startup_stm32f405xx.s:178: Error: bad instruction `endp'
../MDK-ARM/startup_stm32f405xx.s:180: Error: bad instruction `dummy Exception Handlers(infinite loops which can be modified)'
../MDK-ARM/startup_stm32f405xx.s:182: Error: bad instruction `nmi_handler PROC'
../MDK-ARM/startup_stm32f405xx.s:183: Error: bad instruction `export NMI_Handler [WEAK]'
../MDK-ARM/startup_stm32f405xx.s:185: Error: bad instruction `endp'
../MDK-ARM/startup_stm32f405xx.s:186: Error: bad instruction `hardfault_handler PROC'
../MDK-ARM/startup_stm32f405xx.s:188: Error: bad instruction `export HardFault_Handler [WEAK]'
../MDK-ARM/startup_stm32f405xx.s:190: Error: bad instruction `endp'
../MDK-ARM/startup_stm32f405xx.s:191: Error: bad instruction `memmanage_handler PROC'
../MDK-ARM/startup_stm32f405xx.s:193: Error: bad instruction `export MemManage_Handler [WEAK]'
../MDK-ARM/startup_stm32f405xx.s:195: Error: bad instruction `endp'
../MDK-ARM/startup_stm32f405xx.s:196: Error: bad instruction `busfault_handler PROC'
../MDK-ARM/startup_stm32f405xx.s:198: Error: bad instruction `export BusFault_Handler [WEAK]'
../MDK-ARM/startup_stm32f405xx.s:200: Error: bad instruction `endp'
../MDK-ARM/startup_stm32f405xx.s:201: Error: bad instruction `usagefault_handler PROC'
../MDK-ARM/startup_stm32f405xx.s:203: Error: bad instruction `export UsageFault_Handler [WEAK]'
../MDK-ARM/startup_stm32f405xx.s:205: Error: bad instruction `endp'
../MDK-ARM/startup_stm32f405xx.s:206: Error: bad instruction `svc_handler PROC'
../MDK-ARM/startup_stm32f405xx.s:207: Error: bad instruction `export SVC_Handler [WEAK]'
../MDK-ARM/startup_stm32f405xx.s:209: Error: bad instruction `endp'
../MDK-ARM/startup_stm32f405xx.s:210: Error: bad instruction `debugmon_handler PROC'
../MDK-ARM/startup_stm32f405xx.s:212: Error: bad instruction `export DebugMon_Handler [WEAK]'
../MDK-ARM/startup_stm32f405xx.s:214: Error: bad instruction `endp'
../MDK-ARM/startup_stm32f405xx.s:215: Error: bad instruction `pendsv_handler PROC'
../MDK-ARM/startup_stm32f405xx.s:216: Error: bad instruction `export PendSV_Handler [WEAK]'
../MDK-ARM/startup_stm32f405xx.s:218: Error: bad instruction `endp'
../MDK-ARM/startup_stm32f405xx.s:219: Error: bad instruction `systick_handler PROC'
../MDK-ARM/startup_stm32f405xx.s:220: Error: bad instruction `export SysTick_Handler [WEAK]'
../MDK-ARM/startup_stm32f405xx.s:222: Error: bad instruction `endp'
../MDK-ARM/startup_stm32f405xx.s:224: Error: bad instruction `default_handler PROC'
../MDK-ARM/startup_stm32f405xx.s:226: Error: bad instruction `export WWDG_IRQHandler [WEAK]'
../MDK-ARM/startup_stm32f405xx.s:227: Error: bad instruction `export PVD_IRQHandler [WEAK]'
../MDK-ARM/startup_stm32f405xx.s:228: Error: bad instruction `export TAMP_STAMP_IRQHandler [WEAK]'
../MDK-ARM/startup_stm32f405xx.s:229: Error: bad instruction `export RTC_WKUP_IRQHandler [WEAK]'
../MDK-ARM/startup_stm32f405xx.s:230: Error: bad instruction `export FLASH_IRQHandler [WEAK]'
../MDK-ARM/startup_stm32f405xx.s:231: Error: bad instruction `export RCC_IRQHandler [WEAK]'
../MDK-ARM/startup_stm32f405xx.s:232: Error: bad instruction `export EXTI0_IRQHandler [WEAK]'
../MDK-ARM/startup_stm32f405xx.s:233: Error: bad instruction `export EXTI1_IRQHandler [WEAK]'
../MDK-ARM/startup_stm32f405xx.s:234: Error: bad instruction `export EXTI2_IRQHandler [WEAK]'
../MDK-ARM/startup_stm32f405xx.s:235: Error: bad instruction `export EXTI3_IRQHandler [WEAK]'
../MDK-ARM/startup_stm32f405xx.s:236: Error: bad instruction `export EXTI4_IRQHandler [WEAK]'
../MDK-ARM/startup_stm32f405xx.s:237: Error: bad instruction `export DMA1_Stream0_IRQHandler [WEAK]'
../MDK-ARM/startup_stm32f405xx.s:238: Error: bad instruction `export DMA1_Stream1_IRQHandler [WEAK]'
../MDK-ARM/startup_stm32f405xx.s:239: Error: bad instruction `export DMA1_Stream2_IRQHandler [WEAK]'
../MDK-ARM/startup_stm32f405xx.s:240: Error: bad instruction `export DMA1_Stream3_IRQHandler [WEAK]'
../MDK-ARM/startup_stm32f405xx.s:241: Error: bad instruction `export DMA1_Stream4_IRQHandler [WEAK]'
../MDK-ARM/startup_stm32f405xx.s:242: Error: bad instruction `export DMA1_Stream5_IRQHandler [WEAK]'
../MDK-ARM/startup_stm32f405xx.s:243: Error: bad instruction `export DMA1_Stream6_IRQHandler [WEAK]'
../MDK-ARM/startup_stm32f405xx.s:244: Error: bad instruction `export ADC_IRQHandler [WEAK]'
../MDK-ARM/startup_stm32f405xx.s:245: Error: bad instruction `export CAN1_TX_IRQHandler [WEAK]'
../MDK-ARM/startup_stm32f405xx.s:246: Error: bad instruction `export CAN1_RX0_IRQHandler [WEAK]'
../MDK-ARM/startup_stm32f405xx.s:247: Error: bad instruction `export CAN1_RX1_IRQHandler [WEAK]'
../MDK-ARM/startup_stm32f405xx.s:248: Error: bad instruction `export CAN1_SCE_IRQHandler [WEAK]'
../MDK-ARM/startup_stm32f405xx.s:249: Error: bad instruction `export EXTI9_5_IRQHandler [WEAK]'
../MDK-ARM/startup_stm32f405xx.s:250: Error: bad instruction `export TIM1_BRK_TIM9_IRQHandler [WEAK]'
../MDK-ARM/startup_stm32f405xx.s:251: Error: bad instruction `export TIM1_UP_TIM10_IRQHandler [WEAK]'
../MDK-ARM/startup_stm32f405xx.s:252: Error: bad instruction `export TIM1_TRG_COM_TIM11_IRQHandler [WEAK]'
../MDK-ARM/startup_stm32f405xx.s:253: Error: bad instruction `export TIM1_CC_IRQHandler [WEAK]'
../MDK-ARM/startup_stm32f405xx.s:254: Error: bad instruction `export TIM2_IRQHandler [WEAK]'
../MDK-ARM/startup_stm32f405xx.s:255: Error: bad instruction `export TIM3_IRQHandler [WEAK]'
../MDK-ARM/startup_stm32f405xx.s:256: Error: bad instruction `export TIM4_IRQHandler [WEAK]'
../MDK-ARM/startup_stm32f405xx.s:257: Error: bad instruction `export I2C1_EV_IRQHandler [WEAK]'
../MDK-ARM/startup_stm32f405xx.s:258: Error: bad instruction `export I2C1_ER_IRQHandler [WEAK]'
../MDK-ARM/startup_stm32f405xx.s:259: Error: bad instruction `export I2C2_EV_IRQHandler [WEAK]'
../MDK-ARM/startup_stm32f405xx.s:260: Error: bad instruction `export I2C2_ER_IRQHandler [WEAK]'
../MDK-ARM/startup_stm32f405xx.s:261: Error: bad instruction `export SPI1_IRQHandler [WEAK]'
../MDK-ARM/startup_stm32f405xx.s:262: Error: bad instruction `export SPI2_IRQHandler [WEAK]'
../MDK-ARM/startup_stm32f405xx.s:263: Error: bad instruction `export USART1_IRQHandler [WEAK]'
../MDK-ARM/startup_stm32f405xx.s:264: Error: bad instruction `export USART2_IRQHandler [WEAK]'
../MDK-ARM/startup_stm32f405xx.s:265: Error: bad instruction `export USART3_IRQHandler [WEAK]'
../MDK-ARM/startup_stm32f405xx.s:266: Error: bad instruction `export EXTI15_10_IRQHandler [WEAK]'
../MDK-ARM/startup_stm32f405xx.s:267: Error: bad instruction `export RTC_Alarm_IRQHandler [WEAK]'
../MDK-ARM/startup_stm32f405xx.s:268: Error: bad instruction `export OTG_FS_WKUP_IRQHandler [WEAK]'
../MDK-ARM/startup_stm32f405xx.s:269: Error: bad instruction `export TIM8_BRK_TIM12_IRQHandler [WEAK]'
../MDK-ARM/startup_stm32f405xx.s:270: Error: bad instruction `export TIM8_UP_TIM13_IRQHandler [WEAK]'
../MDK-ARM/startup_stm32f405xx.s:271: Error: bad instruction `export TIM8_TRG_COM_TIM14_IRQHandler [WEAK]'
../MDK-ARM/startup_stm32f405xx.s:272: Error: bad instruction `export TIM8_CC_IRQHandler [WEAK]'
../MDK-ARM/startup_stm32f405xx.s:273: Error: bad instruction `export DMA1_Stream7_IRQHandler [WEAK]'
../MDK-ARM/startup_stm32f405xx.s:274: Error: bad instruction `export FMC_IRQHandler [WEAK]'
../MDK-ARM/startup_stm32f405xx.s:275: Error: bad instruction `export SDIO_IRQHandler [WEAK]'
../MDK-ARM/startup_stm32f405xx.s:276: Error: bad instruction `export TIM5_IRQHandler [WEAK]'
../MDK-ARM/startup_stm32make: *** [Drivers/STM32F4xx_HAL_Driver/Src/subdir.mk:70: Drivers/STM32F4xx_HAL_Driver/Src/stm32f4xx_hal_gpio.o] Error 1
f405xx.s:277: Error: bad instruction `export SPI3_IRQHandler [WEAK]'
../MDK-ARM/startup_stm32f405xx.s:278: Error: bad instruction `export UART4_IRQHandler [WEAK]'
../MDK-ARM/startup_stm32f405xx.s:279: Error: bad instruction `export UART5_IRQHandler [WEAK]'
../MDK-ARM/startup_stm32f405xx.s:280: Error: bad instruction `export TIM6_DAC_IRQHandler [WEAK]'
../MDK-ARM/startup_stm32f405xx.s:281: Error: bad instruction `export TIM7_IRQHandler [WEAK]'
../MDK-ARM/startup_stm32f405xx.s:282: Error: bad instruction `export DMA2_Stream0_IRQHandler [WEAK]'
../MDK-ARM/startup_stm32f405xx.s:283: Error: bad instruction `export DMA2_Stream1_IRQHandler [WEAK]'
../MDK-ARM/startup_stm32f405xx.s:284: Error: bad instruction `export DMA2_Stream2_IRQHandler [WEAK]'
../MDK-ARM/startup_stm32f405xx.s:285: Error: bad instruction `export DMA2_Stream3_IRQHandler [WEAK]'
../MDK-ARM/startup_stm32f405xx.s:286: Error: bad instruction `export DMA2_Stream4_IRQHandler [WEAK]'
../MDK-ARM/startup_stm32f405xx.s:287: Error: bad instruction `export CAN2_TX_IRQHandler [WEAK]'
../MDK-ARM/startup_stm32f405xx.s:288: Error: bad instruction `export CAN2_RX0_IRQHandler [WEAK]'
../MDK-ARM/startup_stm32f405xx.s:289: Error: bad instruction `export CAN2_RX1_IRQHandler [WEAK]'
../MDK-ARM/startup_stm32f405xx.s:290: Error: bad instruction `export CAN2_SCE_IRQHandler [WEAK]'
../MDK-ARM/startup_stm32f405xx.s:291: Error: bad instruction `export OTG_FS_IRQHandler [WEAK]'
../MDK-ARM/startup_stm32f405xx.s:292: Error: bad instruction `export DMA2_Stream5_IRQHandler [WEAK]'
../MDK-ARM/startup_stm32f405xx.s:293: Error: bad instruction `export DMA2_Stream6_IRQHandler [WEAK]'
../MDK-ARM/startup_stm32f405xx.s:294: Error: bad instruction `export DMA2_Stream7_IRQHandler [WEAK]'
../MDK-ARM/startup_stm32f405xx.s:295: Error: bad instruction `export USART6_IRQHandler [WEAK]'
../MDK-ARM/startup_stm32f405xx.s:296: Error: bad instruction `export I2C3_EV_IRQHandler [WEAK]'
../MDK-ARM/startup_stm32f405xx.s:297: Error: bad instruction `export I2C3_ER_IRQHandler [WEAK]'
../MDK-ARM/startup_stm32f405xx.s:298: Error: bad instruction `export OTG_HS_EP1_OUT_IRQHandler [WEAK]'
../MDK-ARM/startup_stm32f405xx.s:299: Error: bad instruction `export OTG_HS_EP1_IN_IRQHandler [WEAK]'
../MDK-ARM/startup_stm32f405xx.s:300: Error: bad instruction `export OTG_HS_WKUP_IRQHandler [WEAK]'
../MDK-ARM/startup_stm32f405xx.s:301: Error: bad instruction `export OTG_HS_IRQHandler [WEAK]'
../MDK-ARM/startup_stm32f405xx.s:302: Error: bad instruction `export HASH_RNG_IRQHandler [WEAK]'
../MDK-ARM/startup_stm32f405xx.s:303: Error: bad instruction `export FPU_IRQHandler [WEAK]'
../MDK-ARM/startup_stm32f405xx.s:305: Error: bad instruction `wwdg_irqhandler'
../MDK-ARM/startup_stm32f405xx.s:306: Error: bad instruction `pvd_irqhandler'
../MDK-ARM/startup_stm32f405xx.s:307: Error: bad instruction `tamp_stamp_irqhandler'
../MDK-ARM/startup_stm32f405xx.s:308: Error: bad instruction `rtc_wkup_irqhandler'
../MDK-ARM/startup_stm32f405xx.s:309: Error: bad instruction `flash_irqhandler'
../MDK-ARM/startup_stm32f405xx.s:310: Error: bad instruction `rcc_irqhandler'
../MDK-ARM/startup_stm32f405xx.s:311: Error: bad instruction `exti0_irqhandler'
../MDK-ARM/startup_stm32f405xx.s:312: Error: bad instruction `exti1_irqhandler'
../MDK-ARM/startup_stm32f405xx.s:313: Error: bad instruction `exti2_irqhandler'
../MDK-ARM/startup_stm32f405xx.s:314: Error: bad instruction `exti3_irqhandler'
../MDK-ARM/startup_stm32f405xx.s:315: Error: bad instruction `exti4_irqhandler'
../MDK-ARM/startup_stm32f405xx.s:316: Error: bad instruction `dma1_stream0_irqhandler'
../MDK-ARM/startup_stm32f405xx.s:317: Error: bad instruction `dma1_stream1_irqhandler'
../MDK-ARM/startup_stm32f405xx.s:318: Error: bad instruction `dma1_stream2_irqhandler'
../MDK-ARM/startup_stm32f405xx.s:319: Error: bad instruction `dma1_stream3_irqhandler'
../MDK-ARM/startup_stm32f405xx.s:320: Error: bad instruction `dma1_stream4_irqhandler'
../MDK-ARM/startup_stm32f405xx.s:321: Error: bad instruction `dma1_stream5_irqhandler'
../MDK-ARM/startup_stm32f405xx.s:322: Error: bad instruction `dma1_stream6_irqhandler'
../MDK-ARM/startup_stm32f405xx.s:323: Error: bad instruction `adc_irqhandler'
../MDK-ARM/startup_stm32f405xx.s:324: Error: bad instruction `can1_tx_irqhandler'
../MDK-ARM/startup_stm32f405xx.s:325: Error: bad instruction `can1_rx0_irqhandler'
../MDK-ARM/startup_stm32f405xx.s:326: Error: bad instruction `can1_rx1_irqhandler'
../MDK-ARM/startup_stm32f405xx.s:327: Error: bad instruction `can1_sce_irqhandler'
../MDK-ARM/startup_stm32f405xx.s:328: Error: bad instruction `exti9_5_irqhandler'
../MDK-ARM/startup_stm32f405xx.s:329: Error: bad instruction `tim1_brk_tim9_irqhandler'
../MDK-ARM/startup_stm32f405xx.s:330: Error: bad instruction `tim1_up_tim10_irqhandler'
../MDK-ARM/startup_stm32f405xx.s:331: Error: bad instruction `tim1_trg_com_tim11_irqhandler'
../MDK-ARM/startup_stm32f405xx.s:332: Error: bad instruction `tim1_cc_irqhandler'
../MDK-ARM/startup_stm32f405xx.s:333: Error: bad instruction `tim2_irqhandler'
../MDK-ARM/startup_stm32f405xx.s:334: Error: bad instruction `tim3_irqhandler'
../MDK-ARM/startup_stm32f405xx.s:335: Error: bad instruction `tim4_irqhandler'
../MDK-ARM/startup_stm32f405xx.s:336: Error: bad instruction `i2c1_ev_irqhandler'
../MDK-ARM/startup_stm32f405xx.s:337: Error: bad instruction `i2c1_er_irqhandler'
../MDK-ARM/startup_stm32f405xx.s:338: Error: bad instruction `i2c2_ev_irqhandler'
../MDK-ARM/startup_stm32f405xx.s:339: Error: bad instruction `i2c2_er_irqhandler'
../MDK-ARM/startup_stm32f405xx.s:340: Error: bad instruction `spi1_irqhandler'
../MDK-ARM/startup_stm32f405xx.s:341: Error: bad instruction `spi2_irqhandler'
../MDK-ARM/startup_stm32f405xx.s:342: Error: bad instruction `usart1_irqhandler'
../MDK-ARM/startup_stm32f405xx.s:343: Error: bad instruction `usart2_irqhandler'
../MDK-ARM/startup_stm32f405xx.s:344: Error: bad instruction `usart3_irqhandler'
../MDK-ARM/startup_stm32f405xx.s:345: Error: bad instruction `exti15_10_irqhandler'
../MDK-ARM/startup_stm32f405xx.s:346: Error: bad instruction `rtc_alarm_irqhandler'
../MDK-ARM/startup_stm32f405xx.s:347: Error: bad instruction `otg_fs_wkup_irqhandler'
../MDK-ARM/startup_stm32f405xx.s:348: Error: bad instruction `tim8_brk_tim12_irqhandler'
../MDK-ARM/startup_stm32f405xx.s:349: Error: bad instruction `tim8_up_tim13_irqhandler'
../MDK-ARM/startup_stm32f405xx.s:350: Error: bad instruction `tim8_trg_com_tim14_irqhandler'
../MDK-ARM/startup_stm32f405xx.s:351: Error: bad instruction `tim8_cc_irqhandler'
../MDK-ARM/startup_stm32f405xx.s:352: Error: bad instruction `dma1_stream7_irqhandler'
../MDK-ARM/startup_stm32f405xx.s:353: Error: bad instruction `fmc_irqhandler'
../MDK-ARM/startup_stm32f405xx.s:354: Error: bad instruction `sdio_irqhandler'
../MDK-ARM/startup_stm32f405xx.s:355: Error: bad instruction `tim5_irqhandler'
../MDK-ARM/startup_stm32f405xx.s:356: Error: bad instruction `spi3_irqhandler'
../MDK-ARM/startup_stm32f405xx.s:357: Error: bad instruction `uart4_irqhandler'
../MDK-ARM/startup_stm32f405xx.s:358: Error: bad instruction `uart5_irqhandler'
../MDK-ARM/startup_stm32f405xx.s:359: Error: bad instruction `tim6_dac_irqhandler'
../MDK-ARM/startup_stm32f405xx.s:360: Error: bad instruction `tim7_irqhandler'
../MDK-ARM/startup_stm32f405xx.s:361: Error: bad instruction `dma2_stream0_irqhandler'
../MDK-ARM/startup_stm32f405xx.s:362: Error: bad instruction `dma2_stream1_irqhandler'
../MDK-ARM/startup_stm32f405xx.s:363: Error: bad instruction `dma2_stream2_irqhandler'
../MDK-ARM/startup_stm32f405xx.s:364: Error: bad instruction `dma2_stream3_irqhandler'
../MDK-ARM/startup_stm32f405xx.s:365: Error: bad instruction `dma2_stream4_irqhandler'
../MDK-ARM/startup_stm32f405xx.s:366: Error: bad instruction `can2_tx_irqhandler'
../MDK-ARM/startup_stm32f405xx.s:367: Error: bad instruction `can2_rx0_irqhandler'
../MDK-ARM/startup_stm32f405xx.s:368: Error: bad instruction `can2_rx1_irqhandler'
../MDK-ARM/startup_stm32f405xx.s:369: Error: bad instruction `can2_sce_irqhandler'
../MDK-ARM/startup_stm32f405xx.s:370: Error: bad instruction `otg_fs_irqhandler'
../MDK-ARM/startup_stm32f405xx.s:371: Error: bad instruction `dma2_stream5_irqhandler'
../MDK-ARM/startup_stm32f405xx.s:372: Error: bad instruction `dma2_stream6_irqhandler'
../MDK-ARM/startup_stm32f405xx.s:373: Error: bad instruction `dma2_stream7_irqhandler'
../MDK-ARM/startup_stm32f405xx.s:374: Error: bad instruction `usart6_irqhandler'
../MDK-ARM/startup_stm32f405xx.s:375: Error: bad instruction `i2c3_ev_irqhandler'
../MDK-ARM/startup_stm32f405xx.s:376: Error: bad instruction `i2c3_er_irqhandler'
../MDK-ARM/startup_stm32f405xx.s:377: Error: bad instruction `otg_hs_ep1_out_irqhandler'
../MDK-ARM/startup_stm32f405xx.s:378: Error: bad instruction `otg_hs_ep1_in_irqhandler'
../MDK-ARM/startup_stm32f405xx.s:379: Error: bad instruction `otg_hs_wkup_irqhandler'
../MDK-ARM/startup_stm32f405xx.s:380: Error: bad instruction `otg_hs_irqhandler'
../MDK-ARM/startup_stm32f405xx.s:381: Error: bad instruction `hash_rng_irqhandler'
../MDK-ARM/startup_stm32f405xx.s:382: Error: bad instruction `fpu_irqhandler'
../MDK-ARM/startup_stm32f405xx.s:386: Error: bad instruction `endp'
../MDK-ARM/startup_stm32f405xx.s:388: Error: bad instruction `align'
../MDK-ARM/startup_stm32f405xx.s:390: Error: junk at end of line, first unrecognized character is `*'
../MDK-ARM/startup_stm32f405xx.s:391: Error: bad instruction `user Stack and Heap initialization'
../MDK-ARM/startup_stm32f405xx.s:392: Error: junk at end of line, first unrecognized character is `*'
../MDK-ARM/startup_stm32f405xx.s:393: Error: bad instruction `__microlib'
../MDK-ARM/startup_stm32f405xx.s:395: Error: bad instruction `export __initial_sp'
../MDK-ARM/startup_stm32f405xx.s:396: Error: bad instruction `export __heap_base'
../MDK-ARM/startup_stm32f405xx.s:397: Error: bad instruction `export __heap_limit'
../MDK-ARM/startup_stm32f405xx.s:399: Error: bad instruction `else'
../MDK-ARM/startup_stm32f405xx.s:401: Error: bad instruction `import __use_two_region_memory'
../MDK-ARM/startup_stm32f405xx.s:402: Error: bad instruction `export __user_initial_stackheap'
../MDK-ARM/startup_stm32f405xx.s:404: Error: bad instruction `__user_initial_stackheap'
../MDK-ARM/startup_stm32f405xx.s:407: Error: syntax error -- `ldr R1,=(Stack_Mem+Stack_Size)'
../MDK-ARM/startup_stm32f405xx.s:408: Error: syntax error -- `ldr R2,=(Heap_Mem+Heap_Size)'
../MDK-ARM/startup_stm32f405xx.s:412: Error: bad instruction `align'
../MDK-ARM/startup_stm32f405xx.s:414: Error: bad instruction `endif'
../MDK-ARM/startup_stm32f405xx.s:416: Error: bad instruction `end'
make: *** [MDK-ARM/subdir.mk:19: MDK-ARM/startup_stm32f405xx.o] Error 1
"make -j12 all" terminated with exit code 2. Build might be incomplete.
01:15:11 **** Incremental Build of configuration Debug for project 02-MSC ****
make -j12 all 
arm-none-eabi-gcc "../USB_DEVICE/Target/usbd_conf.c" -mcpu=cortex-m4 -std=gnu11 -g3 -DDEBUG -DUSE_HAL_DRIVER -DSTM32F405xx -c -I../../Core/Inc -I../../USB_DEVICE/App -I../../USB_DEVICE/Target -I../../Drivers/STM32F4xx_HAL_Driver/Inc -I../../Drivers/STM32F4xx_HAL_Driver/Inc/Legacy -I../../Middlewares/ST/STM32_USB_Device_Library/Core/Inc -I../../Middlewares/ST/STM32_USB_Device_Library/Class/MSC/Inc -I../../Drivers/CMSIS/Device/ST/STM32F4xx/Include -I../../Drivers/CMSIS/Include -O0 -ffunction-sections -fdata-sections -Wall -fstack-usage -fcyclomatic-complexity -MMD -MP -MF"USB_DEVICE/Target/usbd_conf.d" -MT"USB_DEVICE/Target/usbd_conf.o" --specs=nano.specs -mfpu=fpv4-sp-d16 -mfloat-abi=hard -mthumb -o "USB_DEVICE/Target/usbd_conf.o"
arm-none-eabi-gcc "../USB_DEVICE/App/usb_device.c" -mcpu=cortex-m4 -std=gnu11 -g3 -DDEBUG -DUSE_HAL_DRIVER -DSTM32F405xx -c -I../../Core/Inc -I../../USB_DEVICE/App -I../../USB_DEVICE/Target -I../../Drivers/STM32F4xx_HAL_Driver/Inc -I../../Drivers/STM32F4xx_HAL_Driver/Inc/Legacy -I../../Middlewares/ST/STM32_USB_Device_Library/Core/Inc -I../../Middlewares/ST/STM32_USB_Device_Library/Class/MSC/Inc -I../../Drivers/CMSIS/Device/ST/STM32F4xx/Include -I../../Drivers/CMSIS/Include -O0 -ffunction-sections -fdata-sections -Wall -fstack-usage -fcyclomatic-complexity -MMD -MP -MF"USB_DEVICE/App/usb_device.d" -MT"USB_DEVICE/App/usb_device.o" --specs=nano.specs -mfpu=fpv4-sp-d16 -mfloat-abi=hard -mthumb -o "USB_DEVICE/App/usb_device.o"
arm-none-eabi-gcc "../USB_DEVICE/App/usbd_desc.c" -mcpu=cortex-m4 -std=gnu11 -g3 -DDEBUG -DUSE_HAL_DRIVER -DSTM32F405xx -c -I../../Core/Inc -I../../USB_DEVICE/App -I../../USB_DEVICE/Target -I../../Drivers/STM32F4xx_HAL_Driver/Inc -I../../Drivers/STM32F4xx_HAL_Driver/Inc/Legacy -I../../Middlewares/ST/STM32_USB_Device_Library/Core/Inc -I../../Middlewares/ST/STM32_USB_Device_Library/Class/MSC/Inc -I../../Drivers/CMSIS/Device/ST/STM32F4xx/Include -I../../Drivers/CMSIS/Include -O0 -ffunction-sections -fdata-sections -Wall -fstack-usage -fcyclomatic-complexity -MMD -MP -MF"USB_DEVICE/App/usbd_desc.d" -MT"USB_DEVICE/App/usbd_desc.o" --specs=nano.specs -mfpu=fpv4-sp-d16 -mfloat-abi=hard -mthumb -o "USB_DEVICE/App/usbd_desc.o"
[...]
rm -rf ./Drivers/BSP/Components/vl53l3cx/vl53l3cx.cyclo ./Drivers/BSP/Components/vl53l3cx/vl53l3cx.d ./Drivers/BSP/Components/vl53l3cx/vl53l3cx.o ./Drivers/BSP/Components/vl53l3cx/vl53l3cx.su
rm -rf ./Drivers/BSP/53L3A2/53l3a2.cyclo ./Drivers/BSP/53L3A2/53l3a2.d ./Drivers/BSP/53L3A2/53l3a2.o ./Drivers/BSP/53L3A2/53l3a2.su ./Drivers/BSP/53L3A2/53l3a2_ranging_sensor.cyclo ./Drivers/BSP/53L3A2/53l3a2_ranging_sensor.d ./Drivers/BSP/53L3A2/53l3a2_ranging_sensor.o ./Drivers/BSP/53L3A2/53l3a2_ranging_sensor.su
rm -rf ./Core/Startup/startup_stm32f405rgtx.d ./Core/Startup/startup_stm32f405rgtx.o
rm -rf ./Core/Src/custom_bus.cyclo ./Core/Src/custom_bus.d ./Core/Src/custom_bus.o ./Core/Src/custom_bus.su ./Core/Src/main.cyclo ./Core/Src/main.d ./Core/Src/main.o ./Core/Src/main.su ./Core/Src/stm32f4xx_hal_msp.cyclo ./Core/Src/stm32f4xx_hal_msp.d ./Core/Src/stm32f4xx_hal_msp.o ./Core/Src/stm32f4xx_hal_msp.su ./Core/Src/stm32f4xx_it.cyclo ./Core/Src/stm32f4xx_it.d ./Core/Src/stm32f4xx_it.o ./Core/Src/stm32f4xx_it.su ./Core/Src/syscalls.cyclo ./Core/Src/syscalls.d ./Core/Src/syscalls.o ./Core/Src/syscalls.su ./Core/Src/sysmem.cyclo ./Core/Src/sysmem.d ./Core/Src/sysmem.o ./Core/Src/sysmem.su ./Core/Src/system_stm32f4xx.cyclo ./Core/Src/system_stm32f4xx.d ./Core/Src/system_stm32f4xx.o ./Core/Src/system_stm32f4xx.su
rm -rf default.size.stdout mainboard.elf mainboard.list mainboard.map
 
11:50:55 **** Build of configuration Debug for project mainboard ****
make -j12 all 
arm-none-eabi-gcc "../Drivers/STM32F4xx_HAL_Driver/Src/stm32f4xx_hal.c" -mcpu=cortex-m4 -std=gnu11 -g3 -DDEBUG -DUSE_HAL_DRIVER -DSTM32F405xx -c -I../Core/Inc -I../Drivers/STM32F4xx_HAL_Driver/Inc -I../Drivers/STM32F4xx_HAL_Driver/Inc/Legacy -I../Drivers/CMSIS/Device/ST/STM32F4xx/Include -I../Drivers/CMSIS/Include -O0 -ffunction-sections -fdata-sections -Wall -fstack-usage -fcyclomatic-complexity -MMD -MP -MF"Drivers/STM32F4xx_HAL_Driver/Src/stm32f4xx_hal.d" -MT"Drivers/STM32F4xx_HAL_Driver/Src/stm32f4xx_hal.o" --specs=nano.specs -mfpu=fpv4-sp-d16 -mfloat-abi=hard -mthumb -o "Drivers/STM32F4xx_HAL_Driver/Src/stm32f4xx_hal.o"
arm-none-eabi-gcc "../Drivers/STM32F4xx_HAL_Driver/Src/stm32f4xx_hal_adc.c" -mcpu=cortex-m4 -std=gnu11 -g3 -DDEBUG -DUSE_HAL_DRIVER -DSTM32F405xx -c -I../Core/Inc -I../Drivers/STM32F4xx_HAL_Driver/Inc -I../Drivers/STM32F4xx_HAL_Driver/Inc/Legacy -I../Drivers/CMSIS/Device/ST/STM32F4xx/Include -I../Drivers/CMSIS/Include -O0 -ffunction-sections -fdata-sections -Wall -fstack-usage -fcyclomatic-complexity -MMD -MP -MF"Drivers/STM32F4xx_HAL_Driver/Src/stm32f4xx_hal_adc.d" -MT"Drivers/STM32F4xx_HAL_Driver/Src/stm32f4xx_hal_adc.o" --specs=nano.specs -mfpu=fpv4-sp-d16 -mfloat-abi=hard -mthumb -o "Drivers/STM32F4xx_HAL_Driver/Src/stm32f4xx_hal_adc.o"
arm-none-eabi-gcc "../Drivers/STM32F4xx_HAL_Driver/Src/stm32f4xx_hal_adc_ex.c" -mcpu=cortex-m4 -std=gnu11 -g3 -DDEBUG -DUSE_HAL_DRIVER -DSTM32F405xx -c -I../Core/Inc -I../Drivers/STM32F4xx_HAL_Driver/Inc -I../Drivers/STM32F4xx_HAL_Driver/Inc/Legacy -I../Drivers/CMSIS/Device/ST/STM32F4xx/Include -I../Drivers/CMSIS/Include -O0 -ffunction-sections -fdata-sections -Wall -fstack-usage -fcyclomatic-complexity -MMD -MP -MF"Drivers/STM32F4xx_HAL_Driver/Src/stm32f4xx_hal_adc_ex.d" -MT"Drivers/STM32F4xx_HAL_Driver/Src/stm32f4xx_hal_adc_ex.o" --specs=nano.specs -mfpu=fpv4-sp-d16 -mfloat-abi=hard -mthumb -o "Drivers/STM32F4xx_HAL_Driver/Src/stm32f4xx_hal_adc_ex.o"
arm-none-eabi-gcc "../Drivers/STM32F4xx_HAL_Driver/Src/stm32f4xx_hal_cortex.c" -mcpu=cortex-m4 -std=gnu11 -g3 -DDEBUG -DUSE_HAL_DRIVER -DSTM32F405xx -c -I../Core/Inc -I../Drivers/STM32F4xx_HAL_Driver/Inc -I../Drivers/STM32F4xx_HAL_Driver/Inc/Legacy -I../Drivers/CMSIS/Device/ST/STM32F4xx/Include -I../Drivers/CMSIS/Include -O0 -ffunction-sections -fdata-sections -Wall -fstack-usage -fcyclomatic-complexity -MMD -MP -MF"Drivers/STM32F4xx_HAL_Driver/Src/stm32f4xx_hal_cortex.d" -MT"Drivers/STM32F4xx_HAL_Driver/Src/stm32f4xx_hal_cortex.o" --specs=nano.specs -mfpu=fpv4-sp-d16 -mfloat-abi=hard -mthumb -o "Drivers/STM32F4xx_HAL_Driver/Src/stm32f4xx_hal_cortex.o"
arm-none-eabi-gcc "../Drivers/STM32F4xx_HAL_Driver/Src/stm32f4xx_hal_dma.c" -mcpu=cortex-m4 -std=gnu11 -g3 -DDEBUG -DUSE_HAL_DRIVER -DSTM32F405xx -c -I../Core/Inc -I../Drivers/STM32F4xx_HAL_Driver/Inc -I../Drivers/STM32F4xx_HAL_Driver/Inc/Legacy -I../Drivers/CMSIS/Device/ST/STM32F4xx/Include -I../Drivers/CMSIS/Include -O0 -ffunction-sections -fdata-sections -Wall -fstack-usage -fcyclomatic-complexity -MMD -MP -MF"Drivers/STM32F4xx_HAL_Driver/Src/stm32f4xx_hal_dma.d" -MT"Drivers/STM32F4xx_HAL_Driver/Src/stm32f4xx_hal_dma.o" --specs=nano.specs -mfpu=fpv4-sp-d16 -mfloat-abi=hard -mthumb -o "Drivers/STM32F4xx_HAL_Driver/Src/stm32f4xx_hal_dma.o"
arm-none-eabi-gcc "../Drivers/STM32F4xx_HAL_Driver/Src/stm32f4xx_hal_dma_ex.c" -mcpu=cortex-m4 -std=gnu11 -g3 -DDEBUG -DUSE_HAL_DRIVER -DSTM32F405xx -c -I../Core/Inc -I../Drivers/STM32F4xx_HAL_Driver/Inc -I../Drivers/STM32F4xx_HAL_Driver/Inc/Legacy -I../Drivers/CMSIS/Device/ST/STM32F4xx/Include -I../Drivers/CMSIS/Include -O0 -ffunction-sections -fdata-sections -Wall -fstack-usage -fcyclomatic-complexity -MMD -MP -MF"Drivers/STM32F4xx_HAL_Driver/Src/stm32f4xx_hal_dma_ex.d" -MT"Drivers/STM32F4xx_HAL_Driver/Src/stm32f4xx_hal_dma_ex.o" --specs=nano.specs -mfpu=fpv4-sp-d16 -mfloat-abi=hard -mthumb -o "Drivers/STM32F4xx_HAL_Driver/Src/stm32f4xx_hal_dma_ex.o"
arm-none-eabi-gcc "../Drivers/STM32F4xx_HAL_Driver/Src/stm32f4xx_hal_exti.c" -mcpu=cortex-m4 -std=gnu11 -g3 -DDEBUG -DUSE_HAL_DRIVER -DSTM32F405xx -c -I../Core/Inc -I../Drivers/STM32F4xx_HAL_Driver/Inc -I../Drivers/STM32F4xx_HAL_Driver/Inc/Legacy -I../Drivers/CMSIS/Device/ST/STM32F4xx/Include -I../Drivers/CMSIS/Include -O0 -ffunction-sections -fdata-sections -Wall -fstack-usage -fcyclomatic-complexity -MMD -MP -MF"Drivers/STM32F4xx_HAL_Driver/Src/stm32f4xx_hal_exti.d" -MT"Drivers/STM32F4xx_HAL_Driver/Src/stm32f4xx_hal_exti.o" --specs=nano.specs -mfpu=fpv4-sp-d16 -mfloat-abi=hard -mthumb -o "Drivers/STM32F4xx_HAL_Driver/Src/stm32f4xx_hal_exti.o"
arm-none-eabi-gcc "../Drivers/STM32F4xx_HAL_Driver/Src/stm32f4xx_hal_flash.c" -mcpu=cortex-m4 -std=gnu11 -g3 -DDEBUG -DUSE_HAL_DRIVER -DSTM32F405xx -c -I../Core/Inc -I../Drivers/STM32F4xx_HAL_Driver/Inc -I../Drivers/STM32F4xx_HAL_Driver/Inc/Legacy -I../Drivers/CMSIS/Device/ST/STM32F4xx/Include -I../Drivers/CMSIS/Include -O0 -ffunction-sections -fdata-sections -Wall -fstack-usage -fcyclomatic-complexity -MMD -MP -MF"Drivers/STM32F4xx_HAL_Driver/Src/stm32f4xx_hal_flash.d" -MT"Drivers/STM32F4xx_HAL_Driver/Src/stm32f4xx_hal_flash.o" --specs=nano.specs -mfpu=fpv4-sp-d16 -mfloat-abi=hard -mthumb -o "Drivers/STM32F4xx_HAL_Driver/Src/stm32f4xx_hal_flash.o"
arm-none-eabi-gcc "../Drivers/STM32F4xx_HAL_Driver/Src/stm32f4xx_hal_flash_ex.c" -mcpu=cortex-m4 -std=gnu11 -g3 -DDEBUG -DUSE_HAL_DRIVER -DSTM32F405xx -c -I../Core/Inc -I../Drivers/STM32F4xx_HAL_Driver/Inc -I../Drivers/STM32F4xx_HAL_Driver/Inc/Legacy -I../Drivers/CMSIS/Device/ST/STM32F4xx/Include -I../Drivers/CMSIS/Include -O0 -ffunction-sections -fdata-sections -Wall -fstack-usage -fcyclomatic-complexity -MMD -MP -MF"Drivers/STM32F4xx_HAL_Driver/Src/stm32f4xx_hal_flash_ex.d" -MT"Drivers/STM32F4xx_HAL_Driver/Src/stm32f4xx_hal_flash_ex.o" --specs=nano.specs -mfpu=fpv4-sp-d16 -mfloat-abi=hard -mthumb -o "Drivers/STM32F4xx_HAL_Driver/Src/stm32f4xx_hal_flash_ex.o"
arm-none-eabi-gcc "../Drivers/STM32F4xx_HAL_Driver/Src/stm32f4xx_hal_flash_ramfunc.c" -mcpu=cortex-m4 -std=gnu11 -g3 -DDEBUG -DUSE_HAL_DRIVER -DSTM32F405xx -c -I../Core/Inc -I../Drivers/STM32F4xx_HAL_Driver/Inc -I../Drivers/STM32F4xx_HAL_Driver/Inc/Legacy -I../Drivers/CMSIS/Device/ST/STM32F4xx/Include -I../Drivers/CMSIS/Include -O0 -ffunction-sections -fdata-sections -Wall -fstack-usage -fcyclomatic-complexity -MMD -MP -MF"Drivers/STM32F4xx_HAL_Driver/Src/stm32f4xx_hal_flash_ramfunc.d" -MT"Drivers/STM32F4xx_HAL_Driver/Src/stm32f4xx_hal_flash_ramfunc.o" --specs=nano.specs -mfpu=fpv4-sp-d16 -mfloat-abi=hard -mthumb -o "Drivers/STM32F4xx_HAL_Driver/Src/stm32f4xx_hal_flash_ramfunc.o"
arm-none-eabi-gcc "../Drivers/STM32F4xx_HAL_Driver/Src/stm32f4xx_hal_gpio.c" -mcpu=cortex-m4 -std=gnu11 -g3 -DDEBUG -DUSE_HAL_DRIVER -DSTM32F405xx -c -I../Core/Inc -I../Drivers/STM32F4xx_HAL_Driver/Inc -I../Drivers/STM32F4xx_HAL_Driver/Inc/Legacy -I../Drivers/CMSIS/Device/ST/STM32F4xx/Include -I../Drivers/CMSIS/Include -O0 -ffunction-sections -fdata-sections -Wall -fstack-usage -fcyclomatic-complexity -MMD -MP -MF"Drivers/STM32F4xx_HAL_Driver/Src/stm32f4xx_hal_gpio.d" -MT"Drivers/STM32F4xx_HAL_Driver/Src/stm32f4xx_hal_gpio.o" --specs=nano.specs -mfpu=fpv4-sp-d16 -mfloat-abi=hard -mthumb -o "Drivers/STM32F4xx_HAL_Driver/Src/stm32f4xx_hal_gpio.o"
arm-none-eabi-gcc "../Drivers/STM32F4xx_HAL_Driver/Src/stm32f4xx_hal_i2c.c" -mcpu=cortex-m4 -std=gnu11 -g3 -DDEBUG -DUSE_HAL_DRIVER -DSTM32F405xx -c -I../Core/Inc -I../Drivers/STM32F4xx_HAL_Driver/Inc -I../Drivers/STM32F4xx_HAL_Driver/Inc/Legacy -I../Drivers/CMSIS/Device/ST/STM32F4xx/Include -I../Drivers/CMSIS/Include -O0 -ffunction-sections -fdata-sections -Wall -fstack-usage -fcyclomatic-complexity -MMD -MP -MF"Drivers/STM32F4xx_HAL_Driver/Src/stm32f4xx_hal_i2c.d" -MT"Drivers/STM32F4xx_HAL_Driver/Src/stm32f4xx_hal_i2c.o" --specs=nano.specs -mfpu=fpv4-sp-d16 -mfloat-abi=hard -mthumb -o "Drivers/STM32F4xx_HAL_Driver/Src/stm32f4xx_hal_i2c.o"
arm-none-eabi-gcc "../Drivers/STM32F4xx_HAL_Driver/Src/stm32f4xx_hal_i2c_ex.c" -mcpu=cortex-m4 -std=gnu11 -g3 -DDEBUG -DUSE_HAL_DRIVER -DSTM32F405xx -c -I../Core/Inc -I../Drivers/STM32F4xx_HAL_Driver/Inc -I../Drivers/STM32F4xx_HAL_Driver/Inc/Legacy -I../Drivers/CMSIS/Device/ST/STM32F4xx/Include -I../Drivers/CMSIS/Include -O0 -ffunction-sections -fdata-sections -Wall -fstack-usage -fcyclomatic-complexity -MMD -MP -MF"Drivers/STM32F4xx_HAL_Driver/Src/stm32f4xx_hal_i2c_ex.d" -MT"Drivers/STM32F4xx_HAL_Driver/Src/stm32f4xx_hal_i2c_ex.o" --specs=nano.specs -mfpu=fpv4-sp-d16 -mfloat-abi=hard -mthumb -o "Drivers/STM32F4xx_HAL_Driver/Src/stm32f4xx_hal_i2c_ex.o"
arm-none-eabi-gcc "../Drivers/STM32F4xx_HAL_Driver/Src/stm32f4xx_hal_pwr.c" -mcpu=cortex-m4 -std=gnu11 -g3 -DDEBUG -DUSE_HAL_DRIVER -DSTM32F405xx -c -I../Core/Inc -I../Drivers/STM32F4xx_HAL_Driver/Inc -I../Drivers/STM32F4xx_HAL_Driver/Inc/Legacy -I../Drivers/CMSIS/Device/ST/STM32F4xx/Include -I../Drivers/CMSIS/Include -O0 -ffunction-sections -fdata-sections -Wall -fstack-usage -fcyclomatic-complexity -MMD -MP -MF"Drivers/STM32F4xx_HAL_Driver/Src/stm32f4xx_hal_pwr.d" -MT"Drivers/STM32F4xx_HAL_Driver/Src/stm32f4xx_hal_pwr.o" --specs=nano.specs -mfpu=fpv4-sp-d16 -mfloat-abi=hard -mthumb -o "Drivers/STM32F4xx_HAL_Driver/Src/stm32f4xx_hal_pwr.o"
arm-none-eabi-gcc "../Drivers/STM32F4xx_HAL_Driver/Src/stm32f4xx_hal_pwr_ex.c" -mcpu=cortex-m4 -std=gnu11 -g3 -DDEBUG -DUSE_HAL_DRIVER -DSTM32F405xx -c -I../Core/Inc -I../Drivers/STM32F4xx_HAL_Driver/Inc -I../Drivers/STM32F4xx_HAL_Driver/Inc/Legacy -I../Drivers/CMSIS/Device/ST/STM32F4xx/Include -I../Drivers/CMSIS/Include -O0 -ffunction-sections -fdata-sections -Wall -fstack-usage -fcyclomatic-complexity -MMD -MP -MF"Drivers/STM32F4xx_HAL_Driver/Src/stm32f4xx_hal_pwr_ex.d" -MT"Drivers/STM32F4xx_HAL_Driver/Src/stm32f4xx_hal_pwr_ex.o" --specs=nano.specs -mfpu=fpv4-sp-d16 -mfloat-abi=hard -mthumb -o "Drivers/STM32F4xx_HAL_Driver/Src/stm32f4xx_hal_pwr_ex.o"
arm-none-eabi-gcc "../Drivers/STM32F4xx_HAL_Driver/Src/stm32f4xx_hal_rcc.c" -mcpu=cortex-m4 -std=gnu11 -g3 -DDEBUG -DUSE_HAL_DRIVER -DSTM32F405xx -c -I../Core/Inc -I../Drivers/STM32F4xx_HAL_Driver/Inc -I../Drivers/STM32F4xx_HAL_Driver/Inc/Legacy -I../Drivers/CMSIS/Device/ST/STM32F4xx/Include -I../Drivers/CMSIS/Include -O0 -ffunction-sections -fdata-sections -Wall -fstack-usage -fcyclomatic-complexity -MMD -MP -MF"Drivers/STM32F4xx_HAL_Driver/Src/stm32f4xx_hal_rcc.d" -MT"Drivers/STM32F4xx_HAL_Driver/Src/stm32f4xx_hal_rcc.o" --specs=nano.specs -mfpu=fpv4-sp-d16 -mfloat-abi=hard -mthumb -o "Drivers/STM32F4xx_HAL_Driver/Src/stm32f4xx_hal_rcc.o"
arm-none-eabi-gcc "../Drivers/STM32F4xx_HAL_Driver/Src/stm32f4xx_hal_rcc_ex.c" -mcpu=cortex-m4 -std=gnu11 -g3 -DDEBUG -DUSE_HAL_DRIVER -DSTM32F405xx -c -I../Core/Inc -I../Drivers/STM32F4xx_HAL_Driver/Inc -I../Drivers/STM32F4xx_HAL_Driver/Inc/Legacy -I../Drivers/CMSIS/Device/ST/STM32F4xx/Include -I../Drivers/CMSIS/Include -O0 -ffunction-sections -fdata-sections -Wall -fstack-usage -fcyclomatic-complexity -MMD -MP -MF"Drivers/STM32F4xx_HAL_Driver/Src/stm32f4xx_hal_rcc_ex.d" -MT"Drivers/STM32F4xx_HAL_Driver/Src/stm32f4xx_hal_rcc_ex.o" --specs=nano.specs -mfpu=fpv4-sp-d16 -mfloat-abi=hard -mthumb -o "Drivers/STM32F4xx_HAL_Driver/Src/stm32f4xx_hal_rcc_ex.o"
arm-none-eabi-gcc "../Drivers/STM32F4xx_HAL_Driver/Src/stm32f4xx_hal_tim.c" -mcpu=cortex-m4 -std=gnu11 -g3 -DDEBUG -DUSE_HAL_DRIVER -DSTM32F405xx -c -I../Core/Inc -I../Drivers/STM32F4xx_HAL_Driver/Inc -I../Drivers/STM32F4xx_HAL_Driver/Inc/Legacy -I../Drivers/CMSIS/Device/ST/STM32F4xx/Include -I../Drivers/CMSIS/Include -O0 -ffunction-sections -fdata-sections -Wall -fstack-usage -fcyclomatic-complexity -MMD -MP -MF"Drivers/STM32F4xx_HAL_Driver/Src/stm32f4xx_hal_tim.d" -MT"Drivers/STM32F4xx_HAL_Driver/Src/stm32f4xx_hal_tim.o" --specs=nano.specs -mfpu=fpv4-sp-d16 -mfloat-abi=hard -mthumb -o "Drivers/STM32F4xx_HAL_Driver/Src/stm32f4xx_hal_tim.o"
arm-none-eabi-gcc "../Drivers/STM32F4xx_HAL_Driver/Src/stm32f4xx_hal_tim_ex.c" -mcpu=cortex-m4 -std=gnu11 -g3 -DDEBUG -DUSE_HAL_DRIVER -DSTM32F405xx -c -I../Core/Inc -I../Drivers/STM32F4xx_HAL_Driver/Inc -I../Drivers/STM32F4xx_HAL_Driver/Inc/Legacy -I../Drivers/CMSIS/Device/ST/STM32F4xx/Include -I../Drivers/CMSIS/Include -O0 -ffunction-sections -fdata-sections -Wall -fstack-usage -fcyclomatic-complexity -MMD -MP -MF"Drivers/STM32F4xx_HAL_Driver/Src/stm32f4xx_hal_tim_ex.d" -MT"Drivers/STM32F4xx_HAL_Driver/Src/stm32f4xx_hal_tim_ex.o" --specs=nano.specs -mfpu=fpv4-sp-d16 -mfloat-abi=hard -mthumb -o "Drivers/STM32F4xx_HAL_Driver/Src/stm32f4xx_hal_tim_ex.o"
arm-none-eabi-gcc "../Drivers/STM32F4xx_HAL_Driver/Src/stm32f4xx_hal_uart.c" -mcpu=cortex-m4 -std=gnu11 -g3 -DDEBUG -DUSE_HAL_DRIVER -DSTM32F405xx -c -I../Core/Inc -I../Drivers/STM32F4xx_HAL_Driver/Inc -I../Drivers/STM32F4xx_HAL_Driver/Inc/Legacy -I../Drivers/CMSIS/Device/ST/STM32F4xx/Include -I../Drivers/CMSIS/Include -O0 -ffunction-sections -fdata-sections -Wall -fstack-usage -fcyclomatic-complexity -MMD -MP -MF"Drivers/STM32F4xx_HAL_Driver/Src/stm32f4xx_hal_uart.d" -MT"Drivers/STM32F4xx_HAL_Driver/Src/stm32f4xx_hal_uart.o" --specs=nano.specs -mfpu=fpv4-sp-d16 -mfloat-abi=hard -mthumb -o "Drivers/STM32F4xx_HAL_Driver/Src/stm32f4xx_hal_uart.o"
arm-none-eabi-gcc "../Drivers/STM32F4xx_HAL_Driver/Src/stm32f4xx_ll_adc.c" -mcpu=cortex-m4 -std=gnu11 -g3 -DDEBUG -DUSE_HAL_DRIVER -DSTM32F405xx -c -I../Core/Inc -I../Drivers/STM32F4xx_HAL_Driver/Inc -I../Drivers/STM32F4xx_HAL_Driver/Inc/Legacy -I../Drivers/CMSIS/Device/ST/STM32F4xx/Include -I../Drivers/CMSIS/Include -O0 -ffunction-sections -fdata-sections -Wall -fstack-usage -fcyclomatic-complexity -MMD -MP -MF"Drivers/STM32F4xx_HAL_Driver/Src/stm32f4xx_ll_adc.d" -MT"Drivers/STM32F4xx_HAL_Driver/Src/stm32f4xx_ll_adc.o" --specs=nano.specs -mfpu=fpv4-sp-d16 -mfloat-abi=hard -mthumb -o "Drivers/STM32F4xx_HAL_Driver/Src/stm32f4xx_ll_adc.o"
arm-none-eabi-gcc -mcpu=cortex-m4 -g3 -DDEBUG -c -x assembler-with-cpp -MMD -MP -MF"Core/Startup/startup_stm32f405rgtx.d" -MT"Core/Startup/startup_stm32f405rgtx.o" --specs=nano.specs -mfpu=fpv4-sp-d16 -mfloat-abi=hard -mthumb -o "Core/Startup/startup_stm32f405rgtx.o" "../Core/Startup/startup_stm32f405rgtx.s"
arm-none-eabi-gcc "../Core/Src/main.c" -mcpu=cortex-m4 -std=gnu11 -g3 -DDEBUG -DUSE_HAL_DRIVER -DSTM32F405xx -c -I../Core/Inc -I../Drivers/STM32F4xx_HAL_Driver/Inc -I../Drivers/STM32F4xx_HAL_Driver/Inc/Legacy -I../Drivers/CMSIS/Device/ST/STM32F4xx/Include -I../Drivers/CMSIS/Include -O0 -ffunction-sections -fdata-sections -Wall -fstack-usage -fcyclomatic-complexity -MMD -MP -MF"Core/Src/main.d" -MT"Core/Src/main.o" --specs=nano.specs -mfpu=fpv4-sp-d16 -mfloat-abi=hard -mthumb -o "Core/Src/main.o"
arm-none-eabi-gcc "../Core/Src/stm32f4xx_hal_msp.c" -mcpu=cortex-m4 -std=gnu11 -g3 -DDEBUG -DUSE_HAL_DRIVER -DSTM32F405xx -c -I../Core/Inc -I../Drivers/STM32F4xx_HAL_Driver/Inc -I../Drivers/STM32F4xx_HAL_Driver/Inc/Legacy -I../Drivers/CMSIS/Device/ST/STM32F4xx/Include -I../Drivers/CMSIS/Include -O0 -ffunction-sections -fdata-sections -Wall -fstack-usage -fcyclomatic-complexity -MMD -MP -MF"Core/Src/stm32f4xx_hal_msp.d" -MT"Core/Src/stm32f4xx_hal_msp.o" --specs=nano.specs -mfpu=fpv4-sp-d16 -mfloat-abi=hard -mthumb -o "Core/Src/stm32f4xx_hal_msp.o"
arm-none-eabi-gcc "../Core/Src/stm32f4xx_it.c" -mcpu=cortex-m4 -std=gnu11 -g3 -DDEBUG -DUSE_HAL_DRIVER -DSTM32F405xx -c -I../Core/Inc -I../Drivers/STM32F4xx_HAL_Driver/Inc -I../Drivers/STM32F4xx_HAL_Driver/Inc/Legacy -I../Drivers/CMSIS/Device/ST/STM32F4xx/Include -I../Drivers/CMSIS/Include -O0 -ffunction-sections -fdata-sections -Wall -fstack-usage -fcyclomatic-complexity -MMD -MP -MF"Core/Src/stm32f4xx_it.d" -MT"Core/Src/stm32f4xx_it.o" --specs=nano.specs -mfpu=fpv4-sp-d16 -mfloat-abi=hard -mthumb -o "Core/Src/stm32f4xx_it.o"
arm-none-eabi-gcc "../Core/Src/syscalls.c" -mcpu=cortex-m4 -std=gnu11 -g3 -DDEBUG -DUSE_HAL_DRIVER -DSTM32F405xx -c -I../Core/Inc -I../Drivers/STM32F4xx_HAL_Driver/Inc -I../Drivers/STM32F4xx_HAL_Driver/Inc/Legacy -I../Drivers/CMSIS/Device/ST/STM32F4xx/Include -I../Drivers/CMSIS/Include -O0 -ffunction-sections -fdata-sections -Wall -fstack-usage -fcyclomatic-complexity -MMD -MP -MF"Core/Src/syscalls.d" -MT"Core/Src/syscalls.o" --specs=nano.specs -mfpu=fpv4-sp-d16 -mfloat-abi=hard -mthumb -o "Core/Src/syscalls.o"
arm-none-eabi-gcc "../Core/Src/sysmem.c" -mcpu=cortex-m4 -std=gnu11 -g3 -DDEBUG -DUSE_HAL_DRIVER -DSTM32F405xx -c -I../Core/Inc -I../Drivers/STM32F4xx_HAL_Driver/Inc -I../Drivers/STM32F4xx_HAL_Driver/Inc/Legacy -I../Drivers/CMSIS/Device/ST/STM32F4xx/Include -I../Drivers/CMSIS/Include -O0 -ffunction-sections -fdata-sections -Wall -fstack-usage -fcyclomatic-complexity -MMD -MP -MF"Core/Src/sysmem.d" -MT"Core/Src/sysmem.o" --specs=nano.specs -mfpu=fpv4-sp-d16 -mfloat-abi=hard -mthumb -o "Core/Src/sysmem.o"
arm-none-eabi-gcc "../Core/Src/system_stm32f4xx.c" -mcpu=cortex-m4 -std=gnu11 -g3 -DDEBUG -DUSE_HAL_DRIVER -DSTM32F405xx -c -I../Core/Inc -I../Drivers/STM32F4xx_HAL_Driver/Inc -I../Drivers/STM32F4xx_HAL_Driver/Inc/Legacy -I../Drivers/CMSIS/Device/ST/STM32F4xx/Include -I../Drivers/CMSIS/Include -O0 -ffunction-sections -fdata-sections -Wall -fstack-usage -fcyclomatic-complexity -MMD -MP -MF"Core/Src/system_stm32f4xx.d" -MT"Core/Src/system_stm32f4xx.o" --specs=nano.specs -mfpu=fpv4-sp-d16 -mfloat-abi=hard -mthumb -o "Core/Src/system_stm32f4xx.o"
arm-none-eabi-gcc -o "mainboard.elf" @"objects.list"   -mcpu=cortex-m4 -T"C:\Users\yasin\Documents\EAGLE\projects\MRM\mainboard\STM32F405RGTX_FLASH.ld" --specs=nosys.specs -Wl,-Map="mainboard.map" -Wl,--gc-sections -static --specs=nano.specs -mfpu=fpv4-sp-d16 -mfloat-abi=hard -mthumb -Wl,--start-group -lc -lm -Wl,--end-group
Finished building target: mainboard.elf
 
arm-none-eabi-size  mainboard.elf 
arm-none-eabi-objdump -h -S mainboard.elf  > "mainboard.list"
   text	   data	    bss	    dec	    hex	filename
  14032	     12	   2244	  16288	   3fa0	mainboard.elf
Finished building: default.size.stdout
 
Finished building: mainboard.list
 
11:51:42 **** Incremental Build of configuration Debug for project mainboard ****
make -j12 all 
arm-none-eabi-size  mainboard.elf 
   text	   data	    bss	    dec	    hex	filename
  14032	     12	   2244	  16288	   3fa0	mainboard.elf
Finished building: default.size.stdout
 
